<html>
<body>
<pre>
<h1>µVision Build Log</h1>
<h2>Tool Versions:</h2>
IDE-Version: µVision V5.30.0.0
Copyright (C) 2020 ARM Ltd and ARM Germany GmbH. All rights reserved.
License Information: matjaz mocnik, ..., LIC=IK1BS-LZEF7-BXHU9-2RWVD-3FT8E-5EIHA
 
Tool Versions:
Toolchain:       MDK-ARM Plus  Version: 5.30.0.0
Toolchain Path:  C:\Keil_v5\ARM\ARMCC\Bin
C Compiler:      Armcc.exe V5.06 update 6 (build 750)
Assembler:       Armasm.exe V5.06 update 6 (build 750)
Linker/Locator:  ArmLink.exe V5.06 update 6 (build 750)
Library Manager: ArmAr.exe V5.06 update 6 (build 750)
Hex Converter:   FromElf.exe V5.06 update 6 (build 750)
CPU DLL:         SARMCM3.DLL V5.30.0.0
Dialog DLL:      DCM.DLL V1.17.3.0
Target DLL:      STLink\ST-LINKIII-KEIL_SWO.dll V3.0.7.0
Dialog DLL:      TCM.DLL V1.42.0.0
 
<h2>Project:</h2>
C:\Users\Mocnik\Desktop\osc\MDK-ARM\osc.uvprojx
Project File Date:  08/17/2020

<h2>Output:</h2>
*** Using Compiler 'V5.06 update 6 (build 750)', folder: 'C:\Keil_v5\ARM\ARMCC\Bin'
Rebuild target 'osc'
assembling startup_stm32f746xx.s...
compiling stm32746g_discovery.c...
compiling stm32746g_discovery_sdram.c...
compiling stm32746g_discovery_lcd.c...
compiling ft5336.c...
compiling stm32746g_discovery_ts.c...
compiling bsp_driver_sd.c...
compiling main.c...
../Src/main.c(501): warning:  #177-D: function "MX_ETH_Init"  was declared but never referenced
  static void MX_ETH_Init(void)
../Src/main.c: 1 warning, 0 errors
compiling fatfs_platform.c...
compiling fatfs.c...
compiling sd_diskio.c...
compiling freertos.c...
compiling usb_host.c...
compiling usbh_conf.c...
compiling usbh_platform.c...
compiling stm32f7xx_it.c...
compiling stm32f7xx_hal_msp.c...
compiling stm32f7xx_hal_hcd.c...
compiling stm32f7xx_ll_usb.c...
compiling stm32f7xx_hal_timebase_tim.c...
compiling stm32f7xx_hal_flash.c...
compiling stm32f7xx_hal_rcc_ex.c...
compiling stm32f7xx_hal_rcc.c...
compiling stm32f7xx_hal_dma.c...
compiling stm32f7xx_hal_gpio.c...
compiling stm32f7xx_hal_flash_ex.c...
compiling stm32f7xx_hal_pwr_ex.c...
compiling stm32f7xx_hal_pwr.c...
compiling stm32f7xx_hal_dma_ex.c...
compiling stm32f7xx_hal.c...
compiling stm32f7xx_hal_cortex.c...
compiling stm32f7xx_hal_i2c.c...
compiling stm32f7xx_hal_exti.c...
compiling stm32f7xx_hal_i2c_ex.c...
compiling stm32f7xx_hal_adc.c...
compiling stm32f7xx_hal_crc.c...
compiling stm32f7xx_hal_crc_ex.c...
compiling stm32f7xx_hal_adc_ex.c...
compiling stm32f7xx_hal_dcmi.c...
compiling stm32f7xx_hal_dcmi_ex.c...
compiling stm32f7xx_hal_dma2d.c...
compiling stm32f7xx_ll_fmc.c...
compiling stm32f7xx_hal_sdram.c...
compiling stm32f7xx_hal_eth.c...
compiling stm32f7xx_hal_dsi.c...
compiling stm32f7xx_hal_ltdc_ex.c...
compiling stm32f7xx_hal_ltdc.c...
compiling stm32f7xx_hal_rtc.c...
compiling stm32f7xx_hal_rtc_ex.c...
compiling stm32f7xx_hal_qspi.c...
compiling stm32f7xx_hal_sai_ex.c...
compiling stm32f7xx_ll_sdmmc.c...
compiling stm32f7xx_hal_sai.c...
compiling stm32f7xx_hal_spdifrx.c...
compiling stm32f7xx_hal_spi.c...
compiling stm32f7xx_hal_sd.c...
compiling stm32f7xx_hal_spi_ex.c...
compiling stm32f7xx_hal_tim_ex.c...
compiling stm32f7xx_hal_tim.c...
compiling stm32f7xx_hal_uart_ex.c...
compiling stm32f7xx_hal_uart.c...
compiling system_stm32f7xx.c...
compiling diskio.c...
compiling ff_gen_drv.c...
compiling croutine.c...
compiling event_groups.c...
compiling list.c...
compiling ff.c...
compiling queue.c...
compiling stream_buffer.c...
compiling timers.c...
compiling tasks.c...
compiling heap_4.c...
compiling cmsis_os.c...
compiling port.c...
compiling syscall.c...
compiling usbh_ctlreq.c...
compiling usbh_core.c...
compiling usbh_cdc.c...
compiling usbh_ioreq.c...
compiling usbh_pipes.c...
linking...
Program Size: Code=41504 RO-data=7496 RW-data=204 ZI-data=62588  
FromELF: creating hex file...
".\osc\osc.axf" - 0 Error(s), 1 Warning(s).

<h2>Software Packages used:</h2>

Package Vendor: ARM
                http://www.keil.com/pack/ARM.CMSIS.5.7.0.pack
                ARM.CMSIS.5.7.0
                CMSIS (Cortex Microcontroller Software Interface Standard)
   * Component: CORE Version: 5.4.0

Package Vendor: Keil
                https://www.keil.com/pack/Keil.STM32F7xx_DFP.2.12.0.pack
                Keil.STM32F7xx_DFP.2.12.0
                STMicroelectronics STM32F7 Series Device Support, Drivers and Examples

<h2>Collection of Component include folders:</h2>
  .\RTE\_osc
  C:\Users\Mocnik\AppData\Local\Arm\Packs\ARM\CMSIS\5.7.0\CMSIS\Core\Include
  C:\Users\Mocnik\AppData\Local\Arm\Packs\Keil\STM32F7xx_DFP\2.12.0\Drivers\CMSIS\Device\ST\STM32F7xx\Include

<h2>Collection of Component Files used:</h2>

   * Component: ARM::CMSIS:CORE:5.4.0
Build Time Elapsed:  00:03:44
</pre>
</body>
</html>
