Component: ARM Compiler 5.06 update 6 (build 750) Tool: armlink [4d35ed]

==============================================================================

Section Cross References

    startup_stm32f746xx.o(RESET) refers to startup_stm32f746xx.o(STACK) for __initial_sp
    startup_stm32f746xx.o(RESET) refers to startup_stm32f746xx.o(.text) for Reset_Handler
    startup_stm32f746xx.o(RESET) refers to stm32f7xx_it.o(i.NMI_Handler) for NMI_Handler
    startup_stm32f746xx.o(RESET) refers to stm32f7xx_it.o(i.HardFault_Handler) for HardFault_Handler
    startup_stm32f746xx.o(RESET) refers to stm32f7xx_it.o(i.MemManage_Handler) for MemManage_Handler
    startup_stm32f746xx.o(RESET) refers to stm32f7xx_it.o(i.BusFault_Handler) for BusFault_Handler
    startup_stm32f746xx.o(RESET) refers to stm32f7xx_it.o(i.UsageFault_Handler) for UsageFault_Handler
    startup_stm32f746xx.o(RESET) refers to port.o(.emb_text) for SVC_Handler
    startup_stm32f746xx.o(RESET) refers to stm32f7xx_it.o(i.DebugMon_Handler) for DebugMon_Handler
    startup_stm32f746xx.o(RESET) refers to port.o(i.SysTick_Handler) for SysTick_Handler
    startup_stm32f746xx.o(RESET) refers to stm32f7xx_it.o(i.TIM6_DAC_IRQHandler) for TIM6_DAC_IRQHandler
    startup_stm32f746xx.o(RESET) refers to stm32f7xx_it.o(i.OTG_FS_IRQHandler) for OTG_FS_IRQHandler
    startup_stm32f746xx.o(RESET) refers to stm32f7xx_it.o(i.LTDC_IRQHandler) for LTDC_IRQHandler
    startup_stm32f746xx.o(RESET) refers to stm32f7xx_it.o(i.DMA2D_IRQHandler) for DMA2D_IRQHandler
    startup_stm32f746xx.o(.text) refers to system_stm32f7xx.o(i.SystemInit) for SystemInit
    startup_stm32f746xx.o(.text) refers to entry.o(.ARM.Collect$$$$00000000) for __main
    stm32746g_discovery.o(i.AUDIO_IO_Delay) refers to stm32f7xx_hal.o(i.HAL_Delay) for HAL_Delay
    stm32746g_discovery.o(i.AUDIO_IO_Init) refers to stm32746g_discovery.o(i.I2Cx_Init) for I2Cx_Init
    stm32746g_discovery.o(i.AUDIO_IO_Init) refers to stm32746g_discovery.o(.bss) for .bss
    stm32746g_discovery.o(i.AUDIO_IO_Read) refers to stm32746g_discovery.o(i.I2Cx_ReadMultiple) for I2Cx_ReadMultiple
    stm32746g_discovery.o(i.AUDIO_IO_Read) refers to stm32746g_discovery.o(.bss) for .bss
    stm32746g_discovery.o(i.AUDIO_IO_Write) refers to stm32746g_discovery.o(i.I2Cx_WriteMultiple) for I2Cx_WriteMultiple
    stm32746g_discovery.o(i.AUDIO_IO_Write) refers to stm32746g_discovery.o(.bss) for .bss
    stm32746g_discovery.o(i.BSP_COM_DeInit) refers to stm32f7xx_hal_uart.o(i.HAL_UART_DeInit) for HAL_UART_DeInit
    stm32746g_discovery.o(i.BSP_COM_DeInit) refers to stm32746g_discovery.o(.data) for .data
    stm32746g_discovery.o(i.BSP_COM_Init) refers to stm32f7xx_hal_gpio.o(i.HAL_GPIO_Init) for HAL_GPIO_Init
    stm32746g_discovery.o(i.BSP_COM_Init) refers to stm32f7xx_hal_uart.o(i.HAL_UART_Init) for HAL_UART_Init
    stm32746g_discovery.o(i.BSP_COM_Init) refers to stm32746g_discovery.o(.constdata) for .constdata
    stm32746g_discovery.o(i.BSP_COM_Init) refers to stm32746g_discovery.o(.data) for .data
    stm32746g_discovery.o(i.BSP_LED_DeInit) refers to stm32f7xx_hal_gpio.o(i.HAL_GPIO_WritePin) for HAL_GPIO_WritePin
    stm32746g_discovery.o(i.BSP_LED_DeInit) refers to stm32f7xx_hal_gpio.o(i.HAL_GPIO_DeInit) for HAL_GPIO_DeInit
    stm32746g_discovery.o(i.BSP_LED_DeInit) refers to stm32746g_discovery.o(.constdata) for .constdata
    stm32746g_discovery.o(i.BSP_LED_Init) refers to stm32f7xx_hal_gpio.o(i.HAL_GPIO_Init) for HAL_GPIO_Init
    stm32746g_discovery.o(i.BSP_LED_Init) refers to stm32f7xx_hal_gpio.o(i.HAL_GPIO_WritePin) for HAL_GPIO_WritePin
    stm32746g_discovery.o(i.BSP_LED_Init) refers to stm32746g_discovery.o(.constdata) for .constdata
    stm32746g_discovery.o(i.BSP_LED_Off) refers to stm32f7xx_hal_gpio.o(i.HAL_GPIO_WritePin) for HAL_GPIO_WritePin
    stm32746g_discovery.o(i.BSP_LED_Off) refers to stm32746g_discovery.o(.constdata) for .constdata
    stm32746g_discovery.o(i.BSP_LED_On) refers to stm32f7xx_hal_gpio.o(i.HAL_GPIO_WritePin) for HAL_GPIO_WritePin
    stm32746g_discovery.o(i.BSP_LED_On) refers to stm32746g_discovery.o(.constdata) for .constdata
    stm32746g_discovery.o(i.BSP_LED_Toggle) refers to stm32f7xx_hal_gpio.o(i.HAL_GPIO_TogglePin) for HAL_GPIO_TogglePin
    stm32746g_discovery.o(i.BSP_LED_Toggle) refers to stm32746g_discovery.o(.constdata) for .constdata
    stm32746g_discovery.o(i.BSP_PB_DeInit) refers to stm32f7xx_hal_cortex.o(i.HAL_NVIC_DisableIRQ) for HAL_NVIC_DisableIRQ
    stm32746g_discovery.o(i.BSP_PB_DeInit) refers to stm32f7xx_hal_gpio.o(i.HAL_GPIO_DeInit) for HAL_GPIO_DeInit
    stm32746g_discovery.o(i.BSP_PB_DeInit) refers to stm32746g_discovery.o(.constdata) for .constdata
    stm32746g_discovery.o(i.BSP_PB_DeInit) refers to stm32746g_discovery.o(.data) for .data
    stm32746g_discovery.o(i.BSP_PB_GetState) refers to stm32f7xx_hal_gpio.o(i.HAL_GPIO_ReadPin) for HAL_GPIO_ReadPin
    stm32746g_discovery.o(i.BSP_PB_GetState) refers to stm32746g_discovery.o(.constdata) for .constdata
[...]
    HAL_NVIC_SetPriorityGrouping             0x080027d9   Thumb Code    28  stm32f7xx_hal_cortex.o(i.HAL_NVIC_SetPriorityGrouping)
    HAL_PWREx_EnableOverDrive                0x080027fd   Thumb Code   100  stm32f7xx_hal_pwr_ex.o(i.HAL_PWREx_EnableOverDrive)
    HAL_PWR_EnableBkUpAccess                 0x08002869   Thumb Code    12  stm32f7xx_hal_pwr.o(i.HAL_PWR_EnableBkUpAccess)
    HAL_QSPI_Init                            0x08002879   Thumb Code   166  stm32f7xx_hal_qspi.o(i.HAL_QSPI_Init)
    HAL_QSPI_MspInit                         0x08002929   Thumb Code   190  stm32f7xx_hal_msp.o(i.HAL_QSPI_MspInit)
    HAL_RCCEx_GetPeriphCLKFreq               0x080029fd   Thumb Code   268  stm32f7xx_hal_rcc_ex.o(i.HAL_RCCEx_GetPeriphCLKFreq)
    HAL_RCCEx_PeriphCLKConfig                0x08002b1d   Thumb Code  1276  stm32f7xx_hal_rcc_ex.o(i.HAL_RCCEx_PeriphCLKConfig)
    HAL_RCC_ClockConfig                      0x08003019   Thumb Code   284  stm32f7xx_hal_rcc.o(i.HAL_RCC_ClockConfig)
    HAL_RCC_GetClockConfig                   0x08003149   Thumb Code    56  stm32f7xx_hal_rcc.o(i.HAL_RCC_GetClockConfig)
    HAL_RCC_GetPCLK1Freq                     0x08003189   Thumb Code    20  stm32f7xx_hal_rcc.o(i.HAL_RCC_GetPCLK1Freq)
    HAL_RCC_GetPCLK2Freq                     0x080031a9   Thumb Code    20  stm32f7xx_hal_rcc.o(i.HAL_RCC_GetPCLK2Freq)
    HAL_RCC_GetSysClockFreq                  0x080031c9   Thumb Code    88  stm32f7xx_hal_rcc.o(i.HAL_RCC_GetSysClockFreq)
    HAL_RCC_OscConfig                        0x0800322d   Thumb Code   888  stm32f7xx_hal_rcc.o(i.HAL_RCC_OscConfig)
    HAL_RTCEx_SetTimeStamp                   0x080035b1   Thumb Code    90  stm32f7xx_hal_rtc_ex.o(i.HAL_RTCEx_SetTimeStamp)
    HAL_RTC_Init                             0x0800360d   Thumb Code   156  stm32f7xx_hal_rtc.o(i.HAL_RTC_Init)
    HAL_RTC_MspInit                          0x080036ad   Thumb Code    20  stm32f7xx_hal_msp.o(i.HAL_RTC_MspInit)
    HAL_RTC_SetAlarm                         0x080036c9   Thumb Code   362  stm32f7xx_hal_rtc.o(i.HAL_RTC_SetAlarm)
    HAL_RTC_SetDate                          0x08003835   Thumb Code   198  stm32f7xx_hal_rtc.o(i.HAL_RTC_SetDate)
    HAL_RTC_SetTime                          0x08003901   Thumb Code   232  stm32f7xx_hal_rtc.o(i.HAL_RTC_SetTime)
    HAL_RTC_WaitForSynchro                   0x080039ed   Thumb Code    54  stm32f7xx_hal_rtc.o(i.HAL_RTC_WaitForSynchro)
    HAL_SAI_Init                             0x08003a25   Thumb Code   470  stm32f7xx_hal_sai.o(i.HAL_SAI_Init)
    HAL_SAI_MspInit                          0x08003c0d   Thumb Code   136  stm32f7xx_hal_msp.o(i.HAL_SAI_MspInit)
    HAL_SDRAM_Init                           0x08003ca9   Thumb Code    66  stm32f7xx_hal_sdram.o(i.HAL_SDRAM_Init)
    HAL_SDRAM_MspInit                        0x08003ceb   Thumb Code     4  stm32f7xx_hal_msp.o(i.HAL_SDRAM_MspInit)
    HAL_SDRAM_ProgramRefreshRate             0x08003cef   Thumb Code    34  stm32f7xx_hal_sdram.o(i.HAL_SDRAM_ProgramRefreshRate)
    HAL_SDRAM_SendCommand                    0x08003d11   Thumb Code    48  stm32f7xx_hal_sdram.o(i.HAL_SDRAM_SendCommand)
    HAL_SD_ConfigWideBusOperation            0x08003d41   Thumb Code   240  stm32f7xx_hal_sd.o(i.HAL_SD_ConfigWideBusOperation)
    HAL_SD_ErrorCallback                     0x08003e35   Thumb Code     2  stm32f7xx_hal_sd.o(i.HAL_SD_ErrorCallback)
    HAL_SD_GetCardCSD                        0x08003e39   Thumb Code   440  stm32f7xx_hal_sd.o(i.HAL_SD_GetCardCSD)
    HAL_SD_GetCardInfo                       0x08003ff5   Thumb Code    36  stm32f7xx_hal_sd.o(i.HAL_SD_GetCardInfo)
    HAL_SD_GetCardState                      0x08004019   Thumb Code    44  stm32f7xx_hal_sd.o(i.HAL_SD_GetCardState)
    HAL_SD_Init                              0x08004045   Thumb Code    54  stm32f7xx_hal_sd.o(i.HAL_SD_Init)
    HAL_SD_InitCard                          0x0800407b   Thumb Code    90  stm32f7xx_hal_sd.o(i.HAL_SD_InitCard)
    HAL_SD_MspInit                           0x080040d5   Thumb Code   118  stm32f7xx_hal_msp.o(i.HAL_SD_MspInit)
    HAL_SD_ReadBlocks_DMA                    0x0800415d   Thumb Code   292  stm32f7xx_hal_sd.o(i.HAL_SD_ReadBlocks_DMA)
    HAL_SD_RxCpltCallback                    0x0800428d   Thumb Code     8  bsp_driver_sd.o(i.HAL_SD_RxCpltCallback)
    HAL_SD_WriteBlocks_DMA                   0x08004295   Thumb Code   290  stm32f7xx_hal_sd.o(i.HAL_SD_WriteBlocks_DMA)
    HAL_SPDIFRX_Init                         0x080043c5   Thumb Code   112  stm32f7xx_hal_spdifrx.o(i.HAL_SPDIFRX_Init)
    HAL_SPDIFRX_MspInit                      0x08004439   Thumb Code    90  stm32f7xx_hal_msp.o(i.HAL_SPDIFRX_MspInit)
    HAL_SPI_Init                             0x0800449d   Thumb Code   196  stm32f7xx_hal_spi.o(i.HAL_SPI_Init)
    HAL_SPI_MspInit                          0x08004561   Thumb Code   126  stm32f7xx_hal_msp.o(i.HAL_SPI_MspInit)
    HAL_TIMEx_Break2Callback                 0x080045f1   Thumb Code     2  stm32f7xx_hal_tim_ex.o(i.HAL_TIMEx_Break2Callback)
    HAL_TIMEx_BreakCallback                  0x080045f3   Thumb Code     2  stm32f7xx_hal_tim_ex.o(i.HAL_TIMEx_BreakCallback)
    HAL_TIMEx_CommutCallback                 0x080045f5   Thumb Code     2  stm32f7xx_hal_tim_ex.o(i.HAL_TIMEx_CommutCallback)
    HAL_TIMEx_ConfigBreakDeadTime            0x080045f9   Thumb Code   150  stm32f7xx_hal_tim_ex.o(i.HAL_TIMEx_ConfigBreakDeadTime)
    HAL_TIMEx_MasterConfigSynchronization    0x08004699   Thumb Code   134  stm32f7xx_hal_tim_ex.o(i.HAL_TIMEx_MasterConfigSynchronization)
    HAL_TIM_Base_Init                        0x0800473d   Thumb Code    54  stm32f7xx_hal_tim.o(i.HAL_TIM_Base_Init)
    HAL_TIM_Base_MspInit                     0x08004775   Thumb Code   112  stm32f7xx_hal_msp.o(i.HAL_TIM_Base_MspInit)
    HAL_TIM_Base_Start_IT                    0x080047fd   Thumb Code    40  stm32f7xx_hal_tim.o(i.HAL_TIM_Base_Start_IT)
    HAL_TIM_ConfigClockSource                0x08004829   Thumb Code   214  stm32f7xx_hal_tim.o(i.HAL_TIM_ConfigClockSource)
    HAL_TIM_IC_CaptureCallback               0x08004905   Thumb Code     2  stm32f7xx_hal_tim.o(i.HAL_TIM_IC_CaptureCallback)
    HAL_TIM_IRQHandler                       0x08004907   Thumb Code   386  stm32f7xx_hal_tim.o(i.HAL_TIM_IRQHandler)
    HAL_TIM_MspPostInit                      0x08004a89   Thumb Code   218  stm32f7xx_hal_msp.o(i.HAL_TIM_MspPostInit)
    HAL_TIM_OC_DelayElapsedCallback          0x08004b89   Thumb Code     2  stm32f7xx_hal_tim.o(i.HAL_TIM_OC_DelayElapsedCallback)
    HAL_TIM_PWM_ConfigChannel                0x08004b8b   Thumb Code   296  stm32f7xx_hal_tim.o(i.HAL_TIM_PWM_ConfigChannel)
    HAL_TIM_PWM_Init                         0x08004cb3   Thumb Code    54  stm32f7xx_hal_tim.o(i.HAL_TIM_PWM_Init)
    HAL_TIM_PWM_MspInit                      0x08004ce9   Thumb Code    30  stm32f7xx_hal_msp.o(i.HAL_TIM_PWM_MspInit)
    HAL_TIM_PWM_PulseFinishedCallback        0x08004d11   Thumb Code     2  stm32f7xx_hal_tim.o(i.HAL_TIM_PWM_PulseFinishedCallback)
    HAL_TIM_PeriodElapsedCallback            0x08004d15   Thumb Code    14  main.o(i.HAL_TIM_PeriodElapsedCallback)
    HAL_TIM_TriggerCallback                  0x08004d29   Thumb Code     2  stm32f7xx_hal_tim.o(i.HAL_TIM_TriggerCallback)
    HAL_UART_Init                            0x08004d2b   Thumb Code   102  stm32f7xx_hal_uart.o(i.HAL_UART_Init)
    HAL_UART_MspInit                         0x08004d91   Thumb Code   186  stm32f7xx_hal_msp.o(i.HAL_UART_MspInit)
    HardFault_Handler                        0x08005429   Thumb Code     2  stm32f7xx_it.o(i.HardFault_Handler)
    LTDC_IRQHandler                          0x080054ad   Thumb Code     6  stm32f7xx_it.o(i.LTDC_IRQHandler)
    MX_DriverVbusFS                          0x0800570d   Thumb Code    16  usbh_platform.o(i.MX_DriverVbusFS)
    MX_FATFS_Init                            0x08005721   Thumb Code    18  fatfs.o(i.MX_FATFS_Init)
    MX_USB_HOST_Init                         0x0800601d   Thumb Code    52  usb_host.o(i.MX_USB_HOST_Init)
    MemManage_Handler                        0x0800605d   Thumb Code     2  stm32f7xx_it.o(i.MemManage_Handler)
    NMI_Handler                              0x0800605f   Thumb Code     2  stm32f7xx_it.o(i.NMI_Handler)
    OTG_FS_IRQHandler                        0x08006061   Thumb Code     6  stm32f7xx_it.o(i.OTG_FS_IRQHandler)
    RTC_ByteToBcd2                           0x080060b5   Thumb Code    22  stm32f7xx_hal_rtc.o(i.RTC_ByteToBcd2)
    RTC_EnterInitMode                        0x080060cd   Thumb Code    58  stm32f7xx_hal_rtc.o(i.RTC_EnterInitMode)
    SDMMC_CmdAppCommand                      0x08006149   Thumb Code    50  stm32f7xx_ll_sdmmc.o(i.SDMMC_CmdAppCommand)
    SDMMC_CmdAppOperCommand                  0x0800617d   Thumb Code    48  stm32f7xx_ll_sdmmc.o(i.SDMMC_CmdAppOperCommand)
    SDMMC_CmdBlockLength                     0x080061b1   Thumb Code    50  stm32f7xx_ll_sdmmc.o(i.SDMMC_CmdBlockLength)
    SDMMC_CmdBusWidth                        0x080061e3   Thumb Code    50  stm32f7xx_ll_sdmmc.o(i.SDMMC_CmdBusWidth)
    SDMMC_CmdGoIdleState                     0x08006215   Thumb Code    74  stm32f7xx_ll_sdmmc.o(i.SDMMC_CmdGoIdleState)
    SDMMC_CmdOperCond                        0x08006265   Thumb Code   108  stm32f7xx_ll_sdmmc.o(i.SDMMC_CmdOperCond)
    SDMMC_CmdReadMultiBlock                  0x080062d5   Thumb Code    50  stm32f7xx_ll_sdmmc.o(i.SDMMC_CmdReadMultiBlock)
    SDMMC_CmdReadSingleBlock                 0x08006307   Thumb Code    50  stm32f7xx_ll_sdmmc.o(i.SDMMC_CmdReadSingleBlock)
    SDMMC_CmdSelDesel                        0x08006339   Thumb Code    48  stm32f7xx_ll_sdmmc.o(i.SDMMC_CmdSelDesel)
    SDMMC_CmdSendCID                         0x08006369   Thumb Code    42  stm32f7xx_ll_sdmmc.o(i.SDMMC_CmdSendCID)
    SDMMC_CmdSendCSD                         0x08006393   Thumb Code    46  stm32f7xx_ll_sdmmc.o(i.SDMMC_CmdSendCSD)
    SDMMC_CmdSendSCR                         0x080063c1   Thumb Code    48  stm32f7xx_ll_sdmmc.o(i.SDMMC_CmdSendSCR)
    SDMMC_CmdSendStatus                      0x080063f1   Thumb Code    50  stm32f7xx_ll_sdmmc.o(i.SDMMC_CmdSendStatus)
    SDMMC_CmdSetRelAdd                       0x08006423   Thumb Code    48  stm32f7xx_ll_sdmmc.o(i.SDMMC_CmdSetRelAdd)
    SDMMC_CmdStopTransfer                    0x08006455   Thumb Code    46  stm32f7xx_ll_sdmmc.o(i.SDMMC_CmdStopTransfer)
    SDMMC_CmdWriteMultiBlock                 0x08006489   Thumb Code    50  stm32f7xx_ll_sdmmc.o(i.SDMMC_CmdWriteMultiBlock)
    SDMMC_CmdWriteSingleBlock                0x080064bb   Thumb Code    50  stm32f7xx_ll_sdmmc.o(i.SDMMC_CmdWriteSingleBlock)
    SDMMC_ConfigData                         0x080064ed   Thumb Code    38  stm32f7xx_ll_sdmmc.o(i.SDMMC_ConfigData)
    SDMMC_GetPowerState                      0x08006751   Thumb Code     8  stm32f7xx_ll_sdmmc.o(i.SDMMC_GetPowerState)
    SDMMC_GetResponse                        0x08006759   Thumb Code     6  stm32f7xx_ll_sdmmc.o(i.SDMMC_GetResponse)
    SDMMC_Init                               0x0800675f   Thumb Code    34  stm32f7xx_ll_sdmmc.o(i.SDMMC_Init)
    SDMMC_PowerState_ON                      0x08006781   Thumb Code    16  stm32f7xx_ll_sdmmc.o(i.SDMMC_PowerState_ON)
    SDMMC_ReadFIFO                           0x08006791   Thumb Code     6  stm32f7xx_ll_sdmmc.o(i.SDMMC_ReadFIFO)
    SDMMC_SendCommand                        0x08006797   Thumb Code    34  stm32f7xx_ll_sdmmc.o(i.SDMMC_SendCommand)
    SD_initialize                            0x08006b29   Thumb Code    74  sd_diskio.o(i.SD_initialize)
    SD_ioctl                                 0x08006b7d   Thumb Code    84  sd_diskio.o(i.SD_ioctl)
    SD_read                                  0x08006bd5   Thumb Code    98  sd_diskio.o(i.SD_read)
    SD_status                                0x08006c3d   Thumb Code     4  sd_diskio.o(i.SD_status)
    SD_write                                 0x08006c41   Thumb Code    98  sd_diskio.o(i.SD_write)
    StartDefaultTask                         0x08006ca9   Thumb Code    12  main.o(i.StartDefaultTask)
    SysTick_Handler                          0x08006cb5   Thumb Code    42  port.o(i.SysTick_Handler)
    SystemClock_Config                       0x08006ce5   Thumb Code   206  main.o(i.SystemClock_Config)
    SystemInit                               0x08006dc1   Thumb Code    22  system_stm32f7xx.o(i.SystemInit)
    TIM6_DAC_IRQHandler                      0x08006ddd   Thumb Code     6  stm32f7xx_it.o(i.TIM6_DAC_IRQHandler)
    TIM_Base_SetConfig                       0x08006de9   Thumb Code   158  stm32f7xx_hal_tim.o(i.TIM_Base_SetConfig)
    TIM_ETR_SetConfig                        0x08006eb5   Thumb Code    18  stm32f7xx_hal_tim.o(i.TIM_ETR_SetConfig)
    TIM_OC2_SetConfig                        0x08006f4d   Thumb Code   108  stm32f7xx_hal_tim.o(i.TIM_OC2_SetConfig)
    UART_AdvFeatureConfig                    0x0800718b   Thumb Code   200  stm32f7xx_hal_uart.o(i.UART_AdvFeatureConfig)
    UART_CheckIdleState                      0x08007253   Thumb Code    60  stm32f7xx_hal_uart.o(i.UART_CheckIdleState)
    UART_SetConfig                           0x08007291   Thumb Code   554  stm32f7xx_hal_uart.o(i.UART_SetConfig)
    UART_WaitOnFlagUntilTimeout              0x080074ed   Thumb Code   164  stm32f7xx_hal_uart.o(i.UART_WaitOnFlagUntilTimeout)
    USBH_AllocPipe                           0x08007591   Thumb Code    56  usbh_pipes.o(i.USBH_AllocPipe)
    USBH_BulkReceiveData                     0x080075c9   Thumb Code    32  usbh_ioreq.o(i.USBH_BulkReceiveData)
    USBH_BulkSendData                        0x080075e9   Thumb Code    40  usbh_ioreq.o(i.USBH_BulkSendData)
    USBH_CDC_LineCodingChanged               0x080077d7   Thumb Code     2  usbh_cdc.o(i.USBH_CDC_LineCodingChanged)
    USBH_CDC_ReceiveCallback                 0x08007897   Thumb Code     2  usbh_cdc.o(i.USBH_CDC_ReceiveCallback)
    USBH_CDC_TransmitCallback                0x0800789d   Thumb Code     2  usbh_cdc.o(i.USBH_CDC_TransmitCallback)
    USBH_ClosePipe                           0x0800789f   Thumb Code    10  usbh_pipes.o(i.USBH_ClosePipe)
    USBH_ClrFeature                          0x080078a9   Thumb Code    34  usbh_ctlreq.o(i.USBH_ClrFeature)
    USBH_CtlReceiveData                      0x080078cb   Thumb Code    30  usbh_ioreq.o(i.USBH_CtlReceiveData)
    USBH_CtlReq                              0x080078e9   Thumb Code    92  usbh_ctlreq.o(i.USBH_CtlReq)
    USBH_CtlSendData                         0x08007945   Thumb Code    40  usbh_ioreq.o(i.USBH_CtlSendData)
    USBH_CtlSendSetup                        0x0800796d   Thumb Code    30  usbh_ioreq.o(i.USBH_CtlSendSetup)
    USBH_Delay                               0x0800798b   Thumb Code     4  usbh_conf.o(i.USBH_Delay)
    USBH_FindInterface                       0x0800798f   Thumb Code    64  usbh_core.o(i.USBH_FindInterface)
    USBH_FreePipe                            0x080079cf   Thumb Code    24  usbh_pipes.o(i.USBH_FreePipe)
    USBH_GetDescriptor                       0x080079e7   Thumb Code    52  usbh_ctlreq.o(i.USBH_GetDescriptor)
    USBH_GetNextDesc                         0x08007a1b   Thumb Code    14  usbh_ctlreq.o(i.USBH_GetNextDesc)
    USBH_Get_CfgDesc                         0x08007a29   Thumb Code    44  usbh_ctlreq.o(i.USBH_Get_CfgDesc)
    USBH_Get_DevDesc                         0x08007a55   Thumb Code   144  usbh_ctlreq.o(i.USBH_Get_DevDesc)
    USBH_Get_StringDesc                      0x08007ae5   Thumb Code    72  usbh_ctlreq.o(i.USBH_Get_StringDesc)
    USBH_Get_USB_Status                      0x08007b2d   Thumb Code    24  usbh_conf.o(i.USBH_Get_USB_Status)
    USBH_Init                                0x08007e95   Thumb Code   112  usbh_core.o(i.USBH_Init)
    USBH_LL_ClosePipe                        0x08007f09   Thumb Code    18  usbh_conf.o(i.USBH_LL_ClosePipe)
    USBH_LL_Connect                          0x08007f1b   Thumb Code    34  usbh_core.o(i.USBH_LL_Connect)
    USBH_LL_Disconnect                       0x08007f3d   Thumb Code    62  usbh_core.o(i.USBH_LL_Disconnect)
    USBH_LL_DriverVBUS                       0x08007f7b   Thumb Code    26  usbh_conf.o(i.USBH_LL_DriverVBUS)
    USBH_LL_GetLastXferSize                  0x08007f95   Thumb Code     8  usbh_conf.o(i.USBH_LL_GetLastXferSize)
    USBH_LL_GetSpeed                         0x08007f9d   Thumb Code    34  usbh_conf.o(i.USBH_LL_GetSpeed)
    USBH_LL_GetURBState                      0x08007fbf   Thumb Code     8  usbh_conf.o(i.USBH_LL_GetURBState)
    USBH_LL_IncTimer                         0x08007fc7   Thumb Code    30  usbh_core.o(i.USBH_LL_IncTimer)
    USBH_LL_Init                             0x08007fe5   Thumb Code    74  usbh_conf.o(i.USBH_LL_Init)
    USBH_LL_NotifyURBChange                  0x08008035   Thumb Code    22  usbh_core.o(i.USBH_LL_NotifyURBChange)
    USBH_LL_OpenPipe                         0x0800804b   Thumb Code    28  usbh_conf.o(i.USBH_LL_OpenPipe)
    USBH_LL_PortDisabled                     0x08008067   Thumb Code     8  usbh_core.o(i.USBH_LL_PortDisabled)
    USBH_LL_PortEnabled                      0x0800806f   Thumb Code    20  usbh_core.o(i.USBH_LL_PortEnabled)
    USBH_LL_ResetPort                        0x08008083   Thumb Code    18  usbh_conf.o(i.USBH_LL_ResetPort)
    USBH_LL_SetTimer                         0x08008095   Thumb Code     6  usbh_core.o(i.USBH_LL_SetTimer)
    USBH_LL_SetToggle                        0x0800809b   Thumb Code    32  usbh_conf.o(i.USBH_LL_SetToggle)
    USBH_LL_Start                            0x080080bb   Thumb Code    18  usbh_conf.o(i.USBH_LL_Start)
    USBH_LL_Stop                             0x080080cd   Thumb Code    18  usbh_conf.o(i.USBH_LL_Stop)
    USBH_LL_SubmitURB                        0x080080df   Thumb Code    34  usbh_conf.o(i.USBH_LL_SubmitURB)
    USBH_OpenPipe                            0x08008101   Thumb Code    20  usbh_pipes.o(i.USBH_OpenPipe)
    USBH_Process                             0x080081f5   Thumb Code   614  usbh_core.o(i.USBH_Process)
    USBH_RegisterClass                       0x0800847d   Thumb Code    30  usbh_core.o(i.USBH_RegisterClass)
    USBH_SelectInterface                     0x0800849b   Thumb Code    22  usbh_core.o(i.USBH_SelectInterface)
    USBH_SetAddress                          0x080084b1   Thumb Code    28  usbh_ctlreq.o(i.USBH_SetAddress)
    USBH_SetCfg                              0x080084cd   Thumb Code    28  usbh_ctlreq.o(i.USBH_SetCfg)
    USBH_SetFeature                          0x080084e9   Thumb Code    28  usbh_ctlreq.o(i.USBH_SetFeature)
    USBH_Start                               0x08008505   Thumb Code    20  usbh_core.o(i.USBH_Start)
    USB_CoreInit                             0x08008539   Thumb Code   104  stm32f7xx_ll_usb.o(i.USB_CoreInit)
    USB_DisableGlobalInt                     0x080085dd   Thumb Code    12  stm32f7xx_ll_usb.o(i.USB_DisableGlobalInt)
    USB_DoPing                               0x080085e9   Thumb Code    30  stm32f7xx_ll_usb.o(i.USB_DoPing)
    USB_DriveVbus                            0x0800860d   Thumb Code    44  stm32f7xx_ll_usb.o(i.USB_DriveVbus)
    USB_EnableGlobalInt                      0x08008639   Thumb Code    12  stm32f7xx_ll_usb.o(i.USB_EnableGlobalInt)
    USB_FlushRxFifo                          0x08008645   Thumb Code    28  stm32f7xx_ll_usb.o(i.USB_FlushRxFifo)
    USB_FlushTxFifo                          0x08008665   Thumb Code    32  stm32f7xx_ll_usb.o(i.USB_FlushTxFifo)
    USB_GetCurrentFrame                      0x08008689   Thumb Code     8  stm32f7xx_ll_usb.o(i.USB_GetCurrentFrame)
    USB_GetHostSpeed                         0x08008691   Thumb Code    14  stm32f7xx_ll_usb.o(i.USB_GetHostSpeed)
    USB_GetMode                              0x0800869f   Thumb Code     8  stm32f7xx_ll_usb.o(i.USB_GetMode)
    USB_HC_Halt                              0x080086a7   Thumb Code   194  stm32f7xx_ll_usb.o(i.USB_HC_Halt)
    USB_HC_Init                              0x08008769   Thumb Code   252  stm32f7xx_ll_usb.o(i.USB_HC_Init)
    USB_HC_ReadInterrupt                     0x08008865   Thumb Code     8  stm32f7xx_ll_usb.o(i.USB_HC_ReadInterrupt)
    USB_HC_StartXfer                         0x0800886d   Thumb Code   330  stm32f7xx_ll_usb.o(i.USB_HC_StartXfer)
    USB_HostInit                             0x080089bd   Thumb Code   174  stm32f7xx_ll_usb.o(i.USB_HostInit)
    USB_InitFSLSPClkSel                      0x08008a81   Thumb Code    56  stm32f7xx_ll_usb.o(i.USB_InitFSLSPClkSel)
    USB_ReadInterrupts                       0x08008ab9   Thumb Code     8  stm32f7xx_ll_usb.o(i.USB_ReadInterrupts)
    USB_ReadPacket                           0x08008ac1   Thumb Code    28  stm32f7xx_ll_usb.o(i.USB_ReadPacket)
    USB_ResetPort                            0x08008add   Thumb Code    50  stm32f7xx_ll_usb.o(i.USB_ResetPort)
    USB_SetCurrentMode                       0x08008b0f   Thumb Code    46  stm32f7xx_ll_usb.o(i.USB_SetCurrentMode)
    USB_StopHost                             0x08008b3d   Thumb Code   126  stm32f7xx_ll_usb.o(i.USB_StopHost)
    USB_WritePacket                          0x08008bbb   Thumb Code    36  stm32f7xx_ll_usb.o(i.USB_WritePacket)
    UsageFault_Handler                       0x08008bdf   Thumb Code     2  stm32f7xx_it.o(i.UsageFault_Handler)
    __scatterload_copy                       0x08008c03   Thumb Code    14  handlers.o(i.__scatterload_copy)
    __scatterload_null                       0x08008c11   Thumb Code     2  handlers.o(i.__scatterload_null)
    __scatterload_zeroinit                   0x08008c13   Thumb Code    14  handlers.o(i.__scatterload_zeroinit)
    free                                     0x08008c21   Thumb Code    76  malloc.o(i.free)
    main                                     0x08008c7d   Thumb Code   306  main.o(i.main)
    malloc                                   0x08008de9   Thumb Code    92  malloc.o(i.malloc)
    osDelay                                  0x08008e55   Thumb Code    14  cmsis_os.o(i.osDelay)
    osKernelRunning                          0x08008e63   Thumb Code    18  cmsis_os.o(i.osKernelRunning)
    osKernelStart                            0x08008e75   Thumb Code    10  cmsis_os.o(i.osKernelStart)
    osKernelSysTick                          0x08008e7f   Thumb Code    24  cmsis_os.o(i.osKernelSysTick)
    osMessageCreate                          0x08008e97   Thumb Code    38  cmsis_os.o(i.osMessageCreate)
    osMessageGet                             0x08008ebd   Thumb Code   144  cmsis_os.o(i.osMessageGet)
    osMessagePut                             0x08008f51   Thumb Code    88  cmsis_os.o(i.osMessagePut)
    osThreadCreate                           0x08008fad   Thumb Code    84  cmsis_os.o(i.osThreadCreate)
    pvPortMalloc                             0x080094b1   Thumb Code   232  heap_4.o(i.pvPortMalloc)
    pxPortInitialiseStack                    0x0800959d   Thumb Code    42  port.o(i.pxPortInitialiseStack)
    uxListRemove                             0x080095cd   Thumb Code    38  list.o(i.uxListRemove)
    vApplicationGetIdleTaskMemory            0x080095f5   Thumb Code    18  freertos.o(i.vApplicationGetIdleTaskMemory)
    vApplicationIdleHook                     0x0800960d   Thumb Code     2  freertos.o(i.vApplicationIdleHook)
    vApplicationMallocFailedHook             0x0800960f   Thumb Code     2  freertos.o(i.vApplicationMallocFailedHook)
    vApplicationStackOverflowHook            0x08009611   Thumb Code     2  freertos.o(i.vApplicationStackOverflowHook)
    vListInitialise                          0x08009613   Thumb Code    22  list.o(i.vListInitialise)
    vListInitialiseItem                      0x08009629   Thumb Code     6  list.o(i.vListInitialiseItem)
    vListInsert                              0x0800962f   Thumb Code    48  list.o(i.vListInsert)
    vListInsertEnd                           0x0800965f   Thumb Code    24  list.o(i.vListInsertEnd)
    vPortEnterCritical                       0x08009679   Thumb Code    62  port.o(i.vPortEnterCritical)
    vPortExitCritical                        0x080096c1   Thumb Code    38  port.o(i.vPortExitCritical)
    vPortFree                                0x080096ed   Thumb Code    96  heap_4.o(i.vPortFree)
    vPortSetupTimerInterrupt                 0x08009751   Thumb Code    32  port.o(i.vPortSetupTimerInterrupt)
    vPortValidateInterruptPriority           0x08009775   Thumb Code    82  port.o(i.vPortValidateInterruptPriority)
    vTaskDelay                               0x080097d1   Thumb Code    70  tasks.o(i.vTaskDelay)
    vTaskInternalSetTimeOutState             0x08009821   Thumb Code    12  tasks.o(i.vTaskInternalSetTimeOutState)
    vTaskMissedYield                         0x08009831   Thumb Code     8  tasks.o(i.vTaskMissedYield)
    vTaskPlaceOnEventList                    0x0800983d   Thumb Code    48  tasks.o(i.vTaskPlaceOnEventList)
    vTaskStartScheduler                      0x08009871   Thumb Code    94  tasks.o(i.vTaskStartScheduler)
    vTaskSuspendAll                          0x080098e1   Thumb Code    10  tasks.o(i.vTaskSuspendAll)
    vTaskSwitchContext                       0x080098f1   Thumb Code   130  tasks.o(i.vTaskSwitchContext)
    xPortStartScheduler                      0x0800997d   Thumb Code   176  port.o(i.xPortStartScheduler)
    xQueueGenericCreate                      0x08009a3d   Thumb Code    76  queue.o(i.xQueueGenericCreate)
    xQueueGenericCreateStatic                0x08009a89   Thumb Code   118  queue.o(i.xQueueGenericCreateStatic)
    xQueueGenericReset                       0x08009b01   Thumb Code   148  queue.o(i.xQueueGenericReset)
    xQueueGenericSend                        0x08009b99   Thumb Code   362  queue.o(i.xQueueGenericSend)
    xQueueGenericSendFromISR                 0x08009d09   Thumb Code   204  queue.o(i.xQueueGenericSendFromISR)
    xQueueReceive                            0x08009dd5   Thumb Code   322  queue.o(i.xQueueReceive)
    xQueueReceiveFromISR                     0x08009f1d   Thumb Code   168  queue.o(i.xQueueReceiveFromISR)
    xTaskCheckForTimeOut                     0x08009fc5   Thumb Code   124  tasks.o(i.xTaskCheckForTimeOut)
    xTaskCreate                              0x0800a045   Thumb Code    90  tasks.o(i.xTaskCreate)
    xTaskCreateStatic                        0x0800a09f   Thumb Code    94  tasks.o(i.xTaskCreateStatic)
    xTaskGetSchedulerState                   0x0800a0fd   Thumb Code    22  tasks.o(i.xTaskGetSchedulerState)
    xTaskGetTickCount                        0x0800a119   Thumb Code     6  tasks.o(i.xTaskGetTickCount)
    xTaskGetTickCountFromISR                 0x0800a125   Thumb Code    12  tasks.o(i.xTaskGetTickCountFromISR)
    xTaskIncrementTick                       0x0800a135   Thumb Code   196  tasks.o(i.xTaskIncrementTick)
    xTaskPriorityDisinherit                  0x0800a201   Thumb Code   158  tasks.o(i.xTaskPriorityDisinherit)
    xTaskRemoveFromEventList                 0x0800a2a9   Thumb Code   112  tasks.o(i.xTaskRemoveFromEventList)
    xTaskResumeAll                           0x0800a321   Thumb Code   188  tasks.o(i.xTaskResumeAll)
    Font24_Table                             0x0800a3e8   Data        6840  stm32746g_discovery_lcd.o(.constdata)
    SD_Driver                                0x0800bebc   Data          20  sd_diskio.o(.constdata)
    AHBPrescTable                            0x0800bee8   Data          16  system_stm32f7xx.o(.constdata)
    APBPrescTable                            0x0800bef8   Data           8  system_stm32f7xx.o(.constdata)
    Region$$Table$$Base                      0x0800bf48   Number         0  anon$$obj.o(Region$$Table)
    Region$$Table$$Limit                     0x0800bf68   Number         0  anon$$obj.o(Region$$Table)
    Font24                                   0x20000004   Data           8  stm32746g_discovery_lcd.o(.data)
    defaultTaskHandle                        0x20000010   Data           4  main.o(.data)
    retSD                                    0x2000001c   Data           1  fatfs.o(.data)
    SDPath                                   0x2000001d   Data           4  fatfs.o(.data)
    Appli_state                              0x20000021   Data           1  usb_host.o(.data)
    uwTickFreq                               0x20000034   Data           1  stm32f7xx_hal.o(.data)
    uwTickPrio                               0x20000038   Data           4  stm32f7xx_hal.o(.data)
    uwTick                                   0x2000003c   Data           4  stm32f7xx_hal.o(.data)
    SystemCoreClock                          0x20000040   Data           4  system_stm32f7xx.o(.data)
    pxCurrentTCB                             0x20000044   Data           4  tasks.o(.data)
    CDC_Class                                0x200000a4   Data          32  usbh_cdc.o(.data)
    __microlib_freelist                      0x200000c4   Data           4  mvars.o(.data)
    __microlib_freelist_initialised          0x200000c8   Data           4  mvars.o(.data)
    hLtdcHandler                             0x20000150   Data         168  stm32746g_discovery_lcd.o(.bss)
    sdramHandle                              0x20000310   Data          52  stm32746g_discovery_sdram.o(.bss)
    hadc3                                    0x20000370   Data          72  main.o(.bss)
    hcrc                                     0x200003b8   Data          36  main.o(.bss)
    hdcmi                                    0x200003dc   Data          80  main.o(.bss)
    hdma2d                                   0x2000042c   Data          64  main.o(.bss)
    hi2c1                                    0x2000046c   Data          76  main.o(.bss)
    hi2c3                                    0x200004b8   Data          76  main.o(.bss)
    hltdc                                    0x20000504   Data         168  main.o(.bss)
    hqspi                                    0x200005ac   Data          76  main.o(.bss)
    hrtc                                     0x200005f8   Data          32  main.o(.bss)
    hsai_BlockA2                             0x20000618   Data         132  main.o(.bss)
    hsai_BlockB2                             0x2000069c   Data         132  main.o(.bss)
    hsd1                                     0x20000720   Data         132  main.o(.bss)
    hspdif                                   0x200007a4   Data          76  main.o(.bss)
    hspi2                                    0x200007f0   Data         100  main.o(.bss)
    htim1                                    0x20000854   Data          64  main.o(.bss)
    htim2                                    0x20000894   Data          64  main.o(.bss)
    htim3                                    0x200008d4   Data          64  main.o(.bss)
    htim5                                    0x20000914   Data          64  main.o(.bss)
    htim8                                    0x20000954   Data          64  main.o(.bss)
    htim12                                   0x20000994   Data          64  main.o(.bss)
    huart1                                   0x200009d4   Data         128  main.o(.bss)
    huart6                                   0x20000a54   Data         128  main.o(.bss)
    hsdram1                                  0x20000ad4   Data          52  main.o(.bss)
    hUsbHostFS                               0x20000d60   Data         996  usb_host.o(.bss)
    hhcd_USB_OTG_FS                          0x20001144   Data         708  usbh_conf.o(.bss)
    htim6                                    0x20001408   Data          64  stm32f7xx_hal_timebase_tim.o(.bss)
    disk                                     0x20001448   Data          12  ff_gen_drv.o(.bss)
    __heap_base                              0x20009548   Data           0  startup_stm32f746xx.o(HEAP)
    __heap_limit                             0x2000b548   Data           0  startup_stm32f746xx.o(HEAP)
    __initial_sp                             0x2000f548   Data           0  startup_stm32f746xx.o(STACK)



==============================================================================

Memory Map of the image

  Image Entry point : 0x080001c9

  Load Region LR_IROM1 (Base: 0x08000000, Size: 0x0000c034, Max: 0x00100000, ABSOLUTE)

    Execution Region ER_IROM1 (Exec base: 0x08000000, Load base: 0x08000000, Size: 0x0000bf68, Max: 0x00100000, ABSOLUTE)

    Exec Addr    Load Addr    Size         Type   Attr      Idx    E Section Name        Object

    0x08000000   0x08000000   0x000001c8   Data   RO            3    RESET               startup_stm32f746xx.o
    0x080001c8   0x080001c8   0x00000000   Code   RO        11473  * .ARM.Collect$$$$00000000  mc_w.l(entry.o)
    0x080001c8   0x080001c8   0x00000004   Code   RO        11514    .ARM.Collect$$$$00000001  mc_w.l(entry2.o)
    0x080001cc   0x080001cc   0x00000004   Code   RO        11517    .ARM.Collect$$$$00000004  mc_w.l(entry5.o)
    0x080001d0   0x080001d0   0x00000000   Code   RO        11519    .ARM.Collect$$$$00000008  mc_w.l(entry7b.o)
    0x080001d0   0x080001d0   0x00000000   Code   RO        11521    .ARM.Collect$$$$0000000A  mc_w.l(entry8b.o)
    0x080001d0   0x080001d0   0x00000008   Code   RO        11522    .ARM.Collect$$$$0000000B  mc_w.l(entry9a.o)
    0x080001d8   0x080001d8   0x00000000   Code   RO        11524    .ARM.Collect$$$$0000000D  mc_w.l(entry10a.o)
    0x080001d8   0x080001d8   0x00000000   Code   RO        11526    .ARM.Collect$$$$0000000F  mc_w.l(entry11a.o)
    0x080001d8   0x080001d8   0x00000004   Code   RO        11515    .ARM.Collect$$$$00002712  mc_w.l(entry2.o)
    0x080001dc   0x080001dc   0x000000c2   Code   RO        10921    .emb_text           port.o
    0x0800029e   0x0800029e   0x00000002   PAD
    0x080002a0   0x080002a0   0x00000024   Code   RO            4    .text               startup_stm32f746xx.o
    0x080002c4   0x080002c4   0x00000062   Code   RO        11476    .text               mc_w.l(uldiv.o)
    0x08000326   0x08000326   0x00000024   Code   RO        11478    .text               mc_w.l(memcpya.o)
    0x0800034a   0x0800034a   0x00000024   Code   RO        11482    .text               mc_w.l(memseta.o)
    0x0800036e   0x0800036e   0x0000001e   Code   RO        11528    .text               mc_w.l(llshl.o)
    0x0800038c   0x0800038c   0x00000020   Code   RO        11530    .text               mc_w.l(llushr.o)
    0x080003ac   0x080003ac   0x00000024   Code   RO        11534    .text               mc_w.l(init.o)
    0x080003d0   0x080003d0   0x00000138   Code   RO         4375    i.ADC_Init          stm32f7xx_hal_adc.o
    0x08000508   0x08000508   0x00000038   Code   RO          398    i.BSP_LCD_Clear     stm32746g_discovery_lcd.o
    0x08000540   0x08000540   0x00000020   Code   RO          400    i.BSP_LCD_ClockConfig  stm32746g_discovery_lcd.o
    0x08000560   0x08000560   0x00000034   Code   RO          404    i.BSP_LCD_DisplayOn  stm32746g_discovery_lcd.o
    0x08000594   0x08000594   0x00000020   Code   RO          423    i.BSP_LCD_GetXSize  stm32746g_discovery_lcd.o
    0x080005b4   0x080005b4   0x00000020   Code   RO          424    i.BSP_LCD_GetYSize  stm32746g_discovery_lcd.o
    0x080005d4   0x080005d4   0x000000a4   Code   RO          425    i.BSP_LCD_Init      stm32746g_discovery_lcd.o
    0x08000678   0x08000678   0x00000078   Code   RO          426    i.BSP_LCD_LayerDefaultInit  stm32746g_discovery_lcd.o
    0x080006f0   0x080006f0   0x00000138   Code   RO          429    i.BSP_LCD_MspInit   stm32746g_discovery_lcd.o
    0x08000828   0x08000828   0x0000000c   Code   RO          434    i.BSP_LCD_SelectLayer  stm32746g_discovery_lcd.o
    0x08000834   0x08000834   0x0000001c   Code   RO          438    i.BSP_LCD_SetFont   stm32746g_discovery_lcd.o
    0x08000850   0x08000850   0x0000000c   Code   RO          446    i.BSP_LCD_SetTransparency  stm32746g_discovery_lcd.o
    0x0800085c   0x0800085c   0x00000018   Code   RO         1517    i.BSP_PlatformIsDetected  fatfs_platform.o
    0x08000874   0x08000874   0x00000078   Code   RO          785    i.BSP_SDRAM_Init    stm32746g_discovery_sdram.o
    0x080008ec   0x080008ec   0x0000008c   Code   RO          786    i.BSP_SDRAM_Initialization_sequence  stm32746g_discovery_sdram.o
    0x08000978   0x08000978   0x00000168   Code   RO          788    i.BSP_SDRAM_MspInit  stm32746g_discovery_sdram.o
    0x08000ae0   0x08000ae0   0x0000000c   Code   RO         1275    i.BSP_SD_GetCardInfo  bsp_driver_sd.o
    0x08000aec   0x08000aec   0x00000018   Code   RO         1276    i.BSP_SD_GetCardState  bsp_driver_sd.o
    0x08000b04   0x08000b04   0x00000030   Code   RO         1278    i.BSP_SD_Init       bsp_driver_sd.o
    0x08000b34   0x08000b34   0x0000001a   Code   RO         1279    i.BSP_SD_IsDetected  bsp_driver_sd.o
    0x08000b4e   0x08000b4e   0x00000002   PAD
    0x08000b50   0x08000b50   0x0000001c   Code   RO         1281    i.BSP_SD_ReadBlocks_DMA  bsp_driver_sd.o
    0x08000b6c   0x08000b6c   0x00000010   Code   RO         1388    i.BSP_SD_ReadCpltCallback  sd_diskio.o
    0x08000b7c   0x08000b7c   0x0000001c   Code   RO         1284    i.BSP_SD_WriteBlocks_DMA  bsp_driver_sd.o
    0x08000b98   0x08000b98   0x00000002   Code   RO         1869    i.BusFault_Handler  stm32f7xx_it.o
    0x08000b9a   0x08000b9a   0x0000007c   Code   RO        11357    i.CDC_ProcessReception  usbh_cdc.o
    0x08000c16   0x08000c16   0x00000002   PAD
    0x08000c18   0x08000c18   0x00000090   Code   RO        11358    i.CDC_ProcessTransmission  usbh_cdc.o
    0x08000ca8   0x08000ca8   0x0000000c   Code   RO         1870    i.DMA2D_IRQHandler  stm32f7xx_it.o
    0x08000cb4   0x08000cb4   0x00000092   Code   RO         4913    i.DMA2D_SetConfig   stm32f7xx_hal_dma2d.o
    0x08000d46   0x08000d46   0x00000002   PAD
    0x08000d48   0x08000d48   0x00000028   Code   RO         3117    i.DMA_CalcBaseAndBitshift  stm32f7xx_hal_dma.o
    0x08000d70   0x08000d70   0x00000054   Code   RO         3118    i.DMA_CheckFifoParam  stm32f7xx_hal_dma.o
    0x08000dc4   0x08000dc4   0x00000028   Code   RO         3119    i.DMA_SetConfig     stm32f7xx_hal_dma.o
    0x08000dec   0x08000dec   0x00000050   Code   RO        11001    i.DeInitStateMachine  usbh_core.o
    0x08000e3c   0x08000e3c   0x00000002   Code   RO         1871    i.DebugMon_Handler  stm32f7xx_it.o
    0x08000e3e   0x08000e3e   0x00000002   Code   RO         1039    i.Error_Handler     main.o
    0x08000e40   0x08000e40   0x00000006   Code   RO         9576    i.FATFS_LinkDriver  ff_gen_drv.o
    0x08000e46   0x08000e46   0x00000002   PAD
    0x08000e48   0x08000e48   0x00000040   Code   RO         9577    i.FATFS_LinkDriverEx  ff_gen_drv.o
    0x08000e88   0x08000e88   0x0000005e   Code   RO         5273    i.FMC_SDRAM_Init    stm32f7xx_ll_fmc.o
    0x08000ee6   0x08000ee6   0x0000000c   Code   RO         5274    i.FMC_SDRAM_ProgramRefreshRate  stm32f7xx_ll_fmc.o
    0x08000ef2   0x08000ef2   0x00000020   Code   RO         5275    i.FMC_SDRAM_SendCommand  stm32f7xx_ll_fmc.o
    0x08000f12   0x08000f12   0x00000002   PAD
    0x08000f14   0x08000f14   0x0000008c   Code   RO         5277    i.FMC_SDRAM_Timing_Init  stm32f7xx_ll_fmc.o
    0x08000fa0   0x08000fa0   0x0000001c   Code   RO        11359    i.GetLineCoding     usbh_cdc.o
    0x08000fbc   0x08000fbc   0x000001a8   Code   RO         4377    i.HAL_ADC_ConfigChannel  stm32f7xx_hal_adc.o
    0x08001164   0x08001164   0x00000054   Code   RO         4386    i.HAL_ADC_Init      stm32f7xx_hal_adc.o
    0x080011b8   0x080011b8   0x00000088   Code   RO         1952    i.HAL_ADC_MspInit   stm32f7xx_hal_msp.o
    0x08001240   0x08001240   0x0000004e   Code   RO         4719    i.HAL_CRCEx_Polynomial_Set  stm32f7xx_hal_crc_ex.o
    0x0800128e   0x0800128e   0x00000002   PAD
    0x08001290   0x08001290   0x00000078   Code   RO         4653    i.HAL_CRC_Init      stm32f7xx_hal_crc.o
    0x08001308   0x08001308   0x00000028   Code   RO         1954    i.HAL_CRC_MspInit   stm32f7xx_hal_msp.o
    0x08001330   0x08001330   0x0000009c   Code   RO         4765    i.HAL_DCMI_Init     stm32f7xx_hal_dcmi.o
    0x080013cc   0x080013cc   0x00000108   Code   RO         1956    i.HAL_DCMI_MspInit  stm32f7xx_hal_msp.o
    0x080014d4   0x080014d4   0x00000002   Code   RO         4919    i.HAL_DMA2D_CLUTLoadingCpltCallback  stm32f7xx_hal_dma2d.o
    0x080014d6   0x080014d6   0x00000002   PAD
    0x080014d8   0x080014d8   0x000000a0   Code   RO         4925    i.HAL_DMA2D_ConfigLayer  stm32f7xx_hal_dma2d.o
    0x08001578   0x08001578   0x0000011c   Code   RO         4932    i.HAL_DMA2D_IRQHandler  stm32f7xx_hal_dma2d.o
    0x08001694   0x08001694   0x0000005a   Code   RO         4933    i.HAL_DMA2D_Init    stm32f7xx_hal_dma2d.o
    0x080016ee   0x080016ee   0x00000002   Code   RO         4934    i.HAL_DMA2D_LineEventCallback  stm32f7xx_hal_dma2d.o
    0x080016f0   0x080016f0   0x0000003c   Code   RO         1958    i.HAL_DMA2D_MspInit  stm32f7xx_hal_msp.o
    0x0800172c   0x0800172c   0x0000010e   Code   RO         4937    i.HAL_DMA2D_PollForTransfer  stm32f7xx_hal_dma2d.o
    0x0800183a   0x0800183a   0x00000034   Code   RO         4940    i.HAL_DMA2D_Start   stm32f7xx_hal_dma2d.o
    0x0800186e   0x0800186e   0x00000062   Code   RO         3122    i.HAL_DMA_DeInit    stm32f7xx_hal_dma.o
    0x080018d0   0x080018d0   0x00000004   Code   RO         3123    i.HAL_DMA_GetError  stm32f7xx_hal_dma.o
    0x080018d4   0x080018d4   0x000000e4   Code   RO         3126    i.HAL_DMA_Init      stm32f7xx_hal_dma.o
    0x080019b8   0x080019b8   0x0000007a   Code   RO         3130    i.HAL_DMA_Start_IT  stm32f7xx_hal_dma.o
    0x08001a32   0x08001a32   0x00000002   PAD
    0x08001a34   0x08001a34   0x00000024   Code   RO         3622    i.HAL_Delay         stm32f7xx_hal.o
    0x08001a58   0x08001a58   0x000000b4   Code   RO         1961    i.HAL_FMC_MspInit   stm32f7xx_hal_msp.o
    0x08001b0c   0x08001b0c   0x000001d8   Code   RO         3054    i.HAL_GPIO_Init     stm32f7xx_hal_gpio.o
    0x08001ce4   0x08001ce4   0x0000000a   Code   RO         3056    i.HAL_GPIO_ReadPin  stm32f7xx_hal_gpio.o
    0x08001cee   0x08001cee   0x0000000a   Code   RO         3058    i.HAL_GPIO_WritePin  stm32f7xx_hal_gpio.o
    0x08001cf8   0x08001cf8   0x0000000c   Code   RO         3630    i.HAL_GetTick       stm32f7xx_hal.o
    0x08001d04   0x08001d04   0x00000008   Code   RO         1652    i.HAL_HCD_Connect_Callback  usbh_conf.o
    0x08001d0c   0x08001d0c   0x00000008   Code   RO         1653    i.HAL_HCD_Disconnect_Callback  usbh_conf.o
    0x08001d14   0x08001d14   0x00000006   Code   RO         2234    i.HAL_HCD_GetCurrentFrame  stm32f7xx_hal_hcd.o
    0x08001d1a   0x08001d1a   0x00000006   Code   RO         2235    i.HAL_HCD_GetCurrentSpeed  stm32f7xx_hal_hcd.o
    0x08001d20   0x08001d20   0x0000000e   Code   RO         2238    i.HAL_HCD_HC_GetURBState  stm32f7xx_hal_hcd.o
    0x08001d2e   0x08001d2e   0x0000000c   Code   RO         2239    i.HAL_HCD_HC_GetXferCount  stm32f7xx_hal_hcd.o
    0x08001d3a   0x08001d3a   0x00000024   Code   RO         2240    i.HAL_HCD_HC_Halt   stm32f7xx_hal_hcd.o
    0x08001d5e   0x08001d5e   0x00000076   Code   RO         2241    i.HAL_HCD_HC_Init   stm32f7xx_hal_hcd.o
    0x08001dd4   0x08001dd4   0x00000008   Code   RO         1654    i.HAL_HCD_HC_NotifyURBChange_Callback  usbh_conf.o
    0x08001ddc   0x08001ddc   0x0000009a   Code   RO         2243    i.HAL_HCD_HC_SubmitRequest  stm32f7xx_hal_hcd.o
    0x08001e76   0x08001e76   0x00000002   PAD
    0x08001e78   0x08001e78   0x00000130   Code   RO         2244    i.HAL_HCD_IRQHandler  stm32f7xx_hal_hcd.o
    0x08001fa8   0x08001fa8   0x00000072   Code   RO         2245    i.HAL_HCD_Init      stm32f7xx_hal_hcd.o
    0x0800201a   0x0800201a   0x00000002   PAD
    0x0800201c   0x0800201c   0x00000084   Code   RO         1656    i.HAL_HCD_MspInit   usbh_conf.o
    0x080020a0   0x080020a0   0x00000008   Code   RO         1657    i.HAL_HCD_PortDisabled_Callback  usbh_conf.o
    0x080020a8   0x080020a8   0x00000008   Code   RO         1658    i.HAL_HCD_PortEnabled_Callback  usbh_conf.o
    0x080020b0   0x080020b0   0x00000006   Code   RO         2250    i.HAL_HCD_ResetPort  stm32f7xx_hal_hcd.o
    0x080020b6   0x080020b6   0x00000008   Code   RO         1659    i.HAL_HCD_SOF_Callback  usbh_conf.o
    0x080020be   0x080020be   0x0000002c   Code   RO         2252    i.HAL_HCD_Start     stm32f7xx_hal_hcd.o
    0x080020ea   0x080020ea   0x00000024   Code   RO         2253    i.HAL_HCD_Stop      stm32f7xx_hal_hcd.o
    0x0800210e   0x0800210e   0x00000058   Code   RO         4270    i.HAL_I2CEx_ConfigAnalogFilter  stm32f7xx_hal_i2c_ex.o
    0x08002166   0x08002166   0x00000054   Code   RO         4271    i.HAL_I2CEx_ConfigDigitalFilter  stm32f7xx_hal_i2c_ex.o
    0x080021ba   0x080021ba   0x00000002   PAD
    0x080021bc   0x080021bc   0x000000b8   Code   RO         3824    i.HAL_I2C_Init      stm32f7xx_hal_i2c.o
    0x08002274   0x08002274   0x000000b0   Code   RO         1963    i.HAL_I2C_MspInit   stm32f7xx_hal_msp.o
    0x08002324   0x08002324   0x00000010   Code   RO         3636    i.HAL_IncTick       stm32f7xx_hal.o
    0x08002334   0x08002334   0x00000016   Code   RO         3637    i.HAL_Init          stm32f7xx_hal.o
    0x0800234a   0x0800234a   0x00000002   PAD
    0x0800234c   0x0800234c   0x00000074   Code   RO         2192    i.HAL_InitTick      stm32f7xx_hal_timebase_tim.o
    0x080023c0   0x080023c0   0x00000052   Code   RO         5567    i.HAL_LTDC_ConfigLayer  stm32f7xx_hal_ltdc.o
    0x08002412   0x08002412   0x00000002   Code   RO         5580    i.HAL_LTDC_ErrorCallback  stm32f7xx_hal_ltdc.o
    0x08002414   0x08002414   0x00000006   Code   RO         5582    i.HAL_LTDC_GetState  stm32f7xx_hal_ltdc.o
    0x0800241a   0x0800241a   0x000000c8   Code   RO         5583    i.HAL_LTDC_IRQHandler  stm32f7xx_hal_ltdc.o
    0x080024e2   0x080024e2   0x00000002   PAD
    0x080024e4   0x080024e4   0x000000f8   Code   RO         5584    i.HAL_LTDC_Init     stm32f7xx_hal_ltdc.o
    0x080025dc   0x080025dc   0x00000002   Code   RO         5585    i.HAL_LTDC_LineEventCallback  stm32f7xx_hal_ltdc.o
    0x080025de   0x080025de   0x00000002   PAD
    0x080025e0   0x080025e0   0x0000011c   Code   RO         1965    i.HAL_LTDC_MspInit  stm32f7xx_hal_msp.o
    0x080026fc   0x080026fc   0x00000002   Code   RO         5590    i.HAL_LTDC_ReloadEventCallback  stm32f7xx_hal_ltdc.o
    0x080026fe   0x080026fe   0x00000044   Code   RO         5593    i.HAL_LTDC_SetAlpha  stm32f7xx_hal_ltdc.o
    0x08002742   0x08002742   0x00000002   PAD
    0x08002744   0x08002744   0x00000038   Code   RO         1966    i.HAL_MspInit       stm32f7xx_hal_msp.o
    0x0800277c   0x0800277c   0x0000001a   Code   RO         3485    i.HAL_NVIC_EnableIRQ  stm32f7xx_hal_cortex.o
    0x08002796   0x08002796   0x00000002   PAD
    0x08002798   0x08002798   0x00000040   Code   RO         3491    i.HAL_NVIC_SetPriority  stm32f7xx_hal_cortex.o
    0x080027d8   0x080027d8   0x00000024   Code   RO         3492    i.HAL_NVIC_SetPriorityGrouping  stm32f7xx_hal_cortex.o
    0x080027fc   0x080027fc   0x0000006c   Code   RO         3394    i.HAL_PWREx_EnableOverDrive  stm32f7xx_hal_pwr_ex.o
    0x08002868   0x08002868   0x00000010   Code   RO         3271    i.HAL_PWR_EnableBkUpAccess  stm32f7xx_hal_pwr.o
    0x08002878   0x08002878   0x000000b0   Code   RO         5872    i.HAL_QSPI_Init     stm32f7xx_hal_qspi.o
    0x08002928   0x08002928   0x000000d4   Code   RO         1968    i.HAL_QSPI_MspInit  stm32f7xx_hal_msp.o
    0x080029fc   0x080029fc   0x00000120   Code   RO         2814    i.HAL_RCCEx_GetPeriphCLKFreq  stm32f7xx_hal_rcc_ex.o
    0x08002b1c   0x08002b1c   0x000004fc   Code   RO         2815    i.HAL_RCCEx_PeriphCLKConfig  stm32f7xx_hal_rcc_ex.o
    0x08003018   0x08003018   0x00000130   Code   RO         2708    i.HAL_RCC_ClockConfig  stm32f7xx_hal_rcc.o
    0x08003148   0x08003148   0x00000040   Code   RO         2712    i.HAL_RCC_GetClockConfig  stm32f7xx_hal_rcc.o
    0x08003188   0x08003188   0x00000020   Code   RO         2715    i.HAL_RCC_GetPCLK1Freq  stm32f7xx_hal_rcc.o
    0x080031a8   0x080031a8   0x00000020   Code   RO         2716    i.HAL_RCC_GetPCLK2Freq  stm32f7xx_hal_rcc.o
    0x080031c8   0x080031c8   0x00000064   Code   RO         2717    i.HAL_RCC_GetSysClockFreq  stm32f7xx_hal_rcc.o
    0x0800322c   0x0800322c   0x00000384   Code   RO         2720    i.HAL_RCC_OscConfig  stm32f7xx_hal_rcc.o
    0x080035b0   0x080035b0   0x0000005a   Code   RO         6282    i.HAL_RTCEx_SetTimeStamp  stm32f7xx_hal_rtc_ex.o
    0x0800360a   0x0800360a   0x00000002   PAD
    0x0800360c   0x0800360c   0x000000a0   Code   RO         6127    i.HAL_RTC_Init      stm32f7xx_hal_rtc.o
    0x080036ac   0x080036ac   0x0000001c   Code   RO         1970    i.HAL_RTC_MspInit   stm32f7xx_hal_msp.o
    0x080036c8   0x080036c8   0x0000016a   Code   RO         6131    i.HAL_RTC_SetAlarm  stm32f7xx_hal_rtc.o
    0x08003832   0x08003832   0x00000002   PAD
    0x08003834   0x08003834   0x000000cc   Code   RO         6133    i.HAL_RTC_SetDate   stm32f7xx_hal_rtc.o
    0x08003900   0x08003900   0x000000ec   Code   RO         6134    i.HAL_RTC_SetTime   stm32f7xx_hal_rtc.o
    0x080039ec   0x080039ec   0x00000036   Code   RO         6135    i.HAL_RTC_WaitForSynchro  stm32f7xx_hal_rtc.o
    0x08003a22   0x08003a22   0x00000002   PAD
    0x08003a24   0x08003a24   0x000001e8   Code   RO         6509    i.HAL_SAI_Init      stm32f7xx_hal_sai.o
    0x08003c0c   0x08003c0c   0x0000009c   Code   RO         1972    i.HAL_SAI_MspInit   stm32f7xx_hal_msp.o
    0x08003ca8   0x08003ca8   0x00000042   Code   RO         5414    i.HAL_SDRAM_Init    stm32f7xx_hal_sdram.o
    0x08003cea   0x08003cea   0x00000004   Code   RO         1974    i.HAL_SDRAM_MspInit  stm32f7xx_hal_msp.o
    0x08003cee   0x08003cee   0x00000022   Code   RO         5417    i.HAL_SDRAM_ProgramRefreshRate  stm32f7xx_hal_sdram.o
    0x08003d10   0x08003d10   0x00000030   Code   RO         5423    i.HAL_SDRAM_SendCommand  stm32f7xx_hal_sdram.o
    0x08003d40   0x08003d40   0x000000f4   Code   RO         7046    i.HAL_SD_ConfigWideBusOperation  stm32f7xx_hal_sd.o
    0x08003e34   0x08003e34   0x00000002   Code   RO         7049    i.HAL_SD_ErrorCallback  stm32f7xx_hal_sd.o
    0x08003e36   0x08003e36   0x00000002   PAD
    0x08003e38   0x08003e38   0x000001bc   Code   RO         7051    i.HAL_SD_GetCardCSD  stm32f7xx_hal_sd.o
    0x08003ff4   0x08003ff4   0x00000024   Code   RO         7052    i.HAL_SD_GetCardInfo  stm32f7xx_hal_sd.o
    0x08004018   0x08004018   0x0000002c   Code   RO         7053    i.HAL_SD_GetCardState  stm32f7xx_hal_sd.o
    0x08004044   0x08004044   0x00000036   Code   RO         7058    i.HAL_SD_Init       stm32f7xx_hal_sd.o
    0x0800407a   0x0800407a   0x0000005a   Code   RO         7059    i.HAL_SD_InitCard   stm32f7xx_hal_sd.o
    0x080040d4   0x080040d4   0x00000088   Code   RO         1976    i.HAL_SD_MspInit    stm32f7xx_hal_msp.o
    0x0800415c   0x0800415c   0x00000130   Code   RO         7063    i.HAL_SD_ReadBlocks_DMA  stm32f7xx_hal_sd.o
    0x0800428c   0x0800428c   0x00000008   Code   RO         1287    i.HAL_SD_RxCpltCallback  bsp_driver_sd.o
    0x08004294   0x08004294   0x00000130   Code   RO         7068    i.HAL_SD_WriteBlocks_DMA  stm32f7xx_hal_sd.o
    0x080043c4   0x080043c4   0x00000074   Code   RO         7276    i.HAL_SPDIFRX_Init  stm32f7xx_hal_spdifrx.o
    0x08004438   0x08004438   0x00000064   Code   RO         1978    i.HAL_SPDIFRX_MspInit  stm32f7xx_hal_msp.o
    0x0800449c   0x0800449c   0x000000c4   Code   RO         7447    i.HAL_SPI_Init      stm32f7xx_hal_spi.o
    0x08004560   0x08004560   0x00000090   Code   RO         1980    i.HAL_SPI_MspInit   stm32f7xx_hal_msp.o
    0x080045f0   0x080045f0   0x00000002   Code   RO         8474    i.HAL_TIMEx_Break2Callback  stm32f7xx_hal_tim_ex.o
    0x080045f2   0x080045f2   0x00000002   Code   RO         8475    i.HAL_TIMEx_BreakCallback  stm32f7xx_hal_tim_ex.o
    0x080045f4   0x080045f4   0x00000002   Code   RO         8476    i.HAL_TIMEx_CommutCallback  stm32f7xx_hal_tim_ex.o
    0x080045f6   0x080045f6   0x00000002   PAD
    0x080045f8   0x080045f8   0x000000a0   Code   RO         8478    i.HAL_TIMEx_ConfigBreakDeadTime  stm32f7xx_hal_tim_ex.o
    0x08004698   0x08004698   0x000000a4   Code   RO         8494    i.HAL_TIMEx_MasterConfigSynchronization  stm32f7xx_hal_tim_ex.o
    0x0800473c   0x0800473c   0x00000036   Code   RO         7789    i.HAL_TIM_Base_Init  stm32f7xx_hal_tim.o
    0x08004772   0x08004772   0x00000002   PAD
    0x08004774   0x08004774   0x00000088   Code   RO         1982    i.HAL_TIM_Base_MspInit  stm32f7xx_hal_msp.o
    0x080047fc   0x080047fc   0x0000002c   Code   RO         7794    i.HAL_TIM_Base_Start_IT  stm32f7xx_hal_tim.o
    0x08004828   0x08004828   0x000000dc   Code   RO         7798    i.HAL_TIM_ConfigClockSource  stm32f7xx_hal_tim.o
    0x08004904   0x08004904   0x00000002   Code   RO         7818    i.HAL_TIM_IC_CaptureCallback  stm32f7xx_hal_tim.o
    0x08004906   0x08004906   0x00000182   Code   RO         7832    i.HAL_TIM_IRQHandler  stm32f7xx_hal_tim.o
    0x08004a88   0x08004a88   0x00000100   Code   RO         1983    i.HAL_TIM_MspPostInit  stm32f7xx_hal_msp.o
    0x08004b88   0x08004b88   0x00000002   Code   RO         7835    i.HAL_TIM_OC_DelayElapsedCallback  stm32f7xx_hal_tim.o
    0x08004b8a   0x08004b8a   0x00000128   Code   RO         7856    i.HAL_TIM_PWM_ConfigChannel  stm32f7xx_hal_tim.o
    0x08004cb2   0x08004cb2   0x00000036   Code   RO         7859    i.HAL_TIM_PWM_Init  stm32f7xx_hal_tim.o
    0x08004ce8   0x08004ce8   0x00000028   Code   RO         1985    i.HAL_TIM_PWM_MspInit  stm32f7xx_hal_msp.o
    0x08004d10   0x08004d10   0x00000002   Code   RO         7862    i.HAL_TIM_PWM_PulseFinishedCallback  stm32f7xx_hal_tim.o
    0x08004d12   0x08004d12   0x00000002   PAD
    0x08004d14   0x08004d14   0x00000014   Code   RO         1040    i.HAL_TIM_PeriodElapsedCallback  main.o
    0x08004d28   0x08004d28   0x00000002   Code   RO         7875    i.HAL_TIM_TriggerCallback  stm32f7xx_hal_tim.o
    0x08004d2a   0x08004d2a   0x00000066   Code   RO         8765    i.HAL_UART_Init     stm32f7xx_hal_uart.o
    0x08004d90   0x08004d90   0x000000d4   Code   RO         1987    i.HAL_UART_MspInit  stm32f7xx_hal_msp.o
    0x08004e64   0x08004e64   0x0000027c   Code   RO         2254    i.HCD_HC_IN_IRQHandler  stm32f7xx_hal_hcd.o
    0x080050e0   0x080050e0   0x0000023e   Code   RO         2255    i.HCD_HC_OUT_IRQHandler  stm32f7xx_hal_hcd.o
    0x0800531e   0x0800531e   0x00000094   Code   RO         2256    i.HCD_Port_IRQHandler  stm32f7xx_hal_hcd.o
    0x080053b2   0x080053b2   0x00000002   PAD
    0x080053b4   0x080053b4   0x00000074   Code   RO         2257    i.HCD_RXQLVL_IRQHandler  stm32f7xx_hal_hcd.o
    0x08005428   0x08005428   0x00000002   Code   RO         1872    i.HardFault_Handler  stm32f7xx_it.o
    0x0800542a   0x0800542a   0x00000002   PAD
    0x0800542c   0x0800542c   0x00000080   Code   RO          453    i.LL_FillBuffer     stm32746g_discovery_lcd.o
    0x080054ac   0x080054ac   0x0000000c   Code   RO         1873    i.LTDC_IRQHandler   stm32f7xx_it.o
    0x080054b8   0x080054b8   0x000001d0   Code   RO         5603    i.LTDC_SetConfig    stm32f7xx_hal_ltdc.o
    0x08005688   0x08005688   0x00000058   Code   RO         1041    i.MX_ADC3_Init      main.o
    0x080056e0   0x080056e0   0x0000002c   Code   RO         1042    i.MX_DCMI_Init      main.o
    0x0800570c   0x0800570c   0x00000014   Code   RO         1845    i.MX_DriverVbusFS   usbh_platform.o
    0x08005720   0x08005720   0x0000001c   Code   RO         1479    i.MX_FATFS_Init     fatfs.o
    0x0800573c   0x0800573c   0x00000060   Code   RO         1043    i.MX_FMC_Init       main.o
    0x0800579c   0x0800579c   0x0000029c   Code   RO         1044    i.MX_GPIO_Init      main.o
    0x08005a38   0x08005a38   0x00000044   Code   RO         1045    i.MX_I2C1_Init      main.o
    0x08005a7c   0x08005a7c   0x00000044   Code   RO         1046    i.MX_I2C3_Init      main.o
    0x08005ac0   0x08005ac0   0x0000009c   Code   RO         1047    i.MX_LTDC_Init      main.o
    0x08005b5c   0x08005b5c   0x000000bc   Code   RO         1048    i.MX_RTC_Init       main.o
    0x08005c18   0x08005c18   0x00000090   Code   RO         1049    i.MX_SAI2_Init      main.o
    0x08005ca8   0x08005ca8   0x00000028   Code   RO         1050    i.MX_SPDIFRX_Init   main.o
    0x08005cd0   0x08005cd0   0x00000040   Code   RO         1051    i.MX_SPI2_Init      main.o
    0x08005d10   0x08005d10   0x00000048   Code   RO         1052    i.MX_TIM12_Init     main.o
    0x08005d58   0x08005d58   0x000000ac   Code   RO         1053    i.MX_TIM1_Init      main.o
    0x08005e04   0x08005e04   0x00000074   Code   RO         1054    i.MX_TIM2_Init      main.o
    0x08005e78   0x08005e78   0x00000078   Code   RO         1055    i.MX_TIM3_Init      main.o
    0x08005ef0   0x08005ef0   0x00000078   Code   RO         1056    i.MX_TIM5_Init      main.o
    0x08005f68   0x08005f68   0x00000054   Code   RO         1057    i.MX_TIM8_Init      main.o
    0x08005fbc   0x08005fbc   0x00000030   Code   RO         1058    i.MX_USART1_UART_Init  main.o
    0x08005fec   0x08005fec   0x00000030   Code   RO         1059    i.MX_USART6_UART_Init  main.o
    0x0800601c   0x0800601c   0x00000040   Code   RO         1593    i.MX_USB_HOST_Init  usb_host.o
    0x0800605c   0x0800605c   0x00000002   Code   RO         1874    i.MemManage_Handler  stm32f7xx_it.o
    0x0800605e   0x0800605e   0x00000002   Code   RO         1875    i.NMI_Handler       stm32f7xx_it.o
    0x08006060   0x08006060   0x0000000c   Code   RO         1876    i.OTG_FS_IRQHandler  stm32f7xx_it.o
    0x0800606c   0x0800606c   0x00000048   Code   RO         5898    i.QSPI_WaitFlagStateUntilTimeout  stm32f7xx_hal_qspi.o
    0x080060b4   0x080060b4   0x00000016   Code   RO         6137    i.RTC_ByteToBcd2    stm32f7xx_hal_rtc.o
    0x080060ca   0x080060ca   0x00000002   PAD
    0x080060cc   0x080060cc   0x0000003a   Code   RO         6138    i.RTC_EnterInitMode  stm32f7xx_hal_rtc.o
    0x08006106   0x08006106   0x00000002   PAD
    0x08006108   0x08006108   0x00000040   Code   RO         6529    i.SAI_Disable       stm32f7xx_hal_sai.o
    0x08006148   0x08006148   0x00000032   Code   RO         6779    i.SDMMC_CmdAppCommand  stm32f7xx_ll_sdmmc.o
    0x0800617a   0x0800617a   0x00000002   PAD
    0x0800617c   0x0800617c   0x00000034   Code   RO         6780    i.SDMMC_CmdAppOperCommand  stm32f7xx_ll_sdmmc.o
    0x080061b0   0x080061b0   0x00000032   Code   RO         6781    i.SDMMC_CmdBlockLength  stm32f7xx_ll_sdmmc.o
    0x080061e2   0x080061e2   0x00000032   Code   RO         6782    i.SDMMC_CmdBusWidth  stm32f7xx_ll_sdmmc.o
    0x08006214   0x08006214   0x00000050   Code   RO         6786    i.SDMMC_CmdGoIdleState  stm32f7xx_ll_sdmmc.o
    0x08006264   0x08006264   0x00000070   Code   RO         6788    i.SDMMC_CmdOperCond  stm32f7xx_ll_sdmmc.o
    0x080062d4   0x080062d4   0x00000032   Code   RO         6789    i.SDMMC_CmdReadMultiBlock  stm32f7xx_ll_sdmmc.o
    0x08006306   0x08006306   0x00000032   Code   RO         6790    i.SDMMC_CmdReadSingleBlock  stm32f7xx_ll_sdmmc.o
    0x08006338   0x08006338   0x00000030   Code   RO         6793    i.SDMMC_CmdSelDesel  stm32f7xx_ll_sdmmc.o
    0x08006368   0x08006368   0x0000002a   Code   RO         6794    i.SDMMC_CmdSendCID  stm32f7xx_ll_sdmmc.o
    0x08006392   0x08006392   0x0000002e   Code   RO         6795    i.SDMMC_CmdSendCSD  stm32f7xx_ll_sdmmc.o
    0x080063c0   0x080063c0   0x00000030   Code   RO         6796    i.SDMMC_CmdSendSCR  stm32f7xx_ll_sdmmc.o
    0x080063f0   0x080063f0   0x00000032   Code   RO         6797    i.SDMMC_CmdSendStatus  stm32f7xx_ll_sdmmc.o
    0x08006422   0x08006422   0x00000030   Code   RO         6798    i.SDMMC_CmdSetRelAdd  stm32f7xx_ll_sdmmc.o
    0x08006452   0x08006452   0x00000002   PAD
    0x08006454   0x08006454   0x00000034   Code   RO         6800    i.SDMMC_CmdStopTransfer  stm32f7xx_ll_sdmmc.o
    0x08006488   0x08006488   0x00000032   Code   RO         6802    i.SDMMC_CmdWriteMultiBlock  stm32f7xx_ll_sdmmc.o
    0x080064ba   0x080064ba   0x00000032   Code   RO         6803    i.SDMMC_CmdWriteSingleBlock  stm32f7xx_ll_sdmmc.o
    0x080064ec   0x080064ec   0x00000026   Code   RO         6804    i.SDMMC_ConfigData  stm32f7xx_ll_sdmmc.o
    0x08006512   0x08006512   0x00000002   PAD
    0x08006514   0x08006514   0x00000120   Code   RO         6805    i.SDMMC_GetCmdResp1  stm32f7xx_ll_sdmmc.o
    0x08006634   0x08006634   0x00000050   Code   RO         6806    i.SDMMC_GetCmdResp2  stm32f7xx_ll_sdmmc.o
    0x08006684   0x08006684   0x00000044   Code   RO         6807    i.SDMMC_GetCmdResp3  stm32f7xx_ll_sdmmc.o
    0x080066c8   0x080066c8   0x00000088   Code   RO         6808    i.SDMMC_GetCmdResp6  stm32f7xx_ll_sdmmc.o
    0x08006750   0x08006750   0x00000008   Code   RO         6812    i.SDMMC_GetPowerState  stm32f7xx_ll_sdmmc.o
    0x08006758   0x08006758   0x00000006   Code   RO         6813    i.SDMMC_GetResponse  stm32f7xx_ll_sdmmc.o
    0x0800675e   0x0800675e   0x00000022   Code   RO         6814    i.SDMMC_Init        stm32f7xx_ll_sdmmc.o
    0x08006780   0x08006780   0x00000010   Code   RO         6816    i.SDMMC_PowerState_ON  stm32f7xx_ll_sdmmc.o
    0x08006790   0x08006790   0x00000006   Code   RO         6817    i.SDMMC_ReadFIFO    stm32f7xx_ll_sdmmc.o
    0x08006796   0x08006796   0x00000022   Code   RO         6818    i.SDMMC_SendCommand  stm32f7xx_ll_sdmmc.o
    0x080067b8   0x080067b8   0x00000020   Code   RO         1390    i.SD_CheckStatus    sd_diskio.o
    0x080067d8   0x080067d8   0x00000024   Code   RO         1391    i.SD_CheckStatusWithTimeout  sd_diskio.o
    0x080067fc   0x080067fc   0x00000064   Code   RO         7070    i.SD_DMAError       stm32f7xx_hal_sd.o
    0x08006860   0x08006860   0x00000042   Code   RO         7071    i.SD_DMAReceiveCplt  stm32f7xx_hal_sd.o
    0x080068a2   0x080068a2   0x0000000e   Code   RO         7073    i.SD_DMATransmitCplt  stm32f7xx_hal_sd.o
    0x080068b0   0x080068b0   0x000000d6   Code   RO         7075    i.SD_FindSCR        stm32f7xx_hal_sd.o
    0x08006986   0x08006986   0x000000ee   Code   RO         7076    i.SD_InitCard       stm32f7xx_hal_sd.o
    0x08006a74   0x08006a74   0x000000b4   Code   RO         7077    i.SD_PowerON        stm32f7xx_hal_sd.o
    0x08006b28   0x08006b28   0x00000054   Code   RO         1392    i.SD_initialize     sd_diskio.o
    0x08006b7c   0x08006b7c   0x00000058   Code   RO         1393    i.SD_ioctl          sd_diskio.o
    0x08006bd4   0x08006bd4   0x00000068   Code   RO         1394    i.SD_read           sd_diskio.o
    0x08006c3c   0x08006c3c   0x00000004   Code   RO         1395    i.SD_status         sd_diskio.o
    0x08006c40   0x08006c40   0x00000068   Code   RO         1396    i.SD_write          sd_diskio.o
    0x08006ca8   0x08006ca8   0x0000000c   Code   RO         1060    i.StartDefaultTask  main.o
    0x08006cb4   0x08006cb4   0x00000030   Code   RO        10922    i.SysTick_Handler   port.o
    0x08006ce4   0x08006ce4   0x000000dc   Code   RO         1061    i.SystemClock_Config  main.o
    0x08006dc0   0x08006dc0   0x0000001c   Code   RO         9142    i.SystemInit        system_stm32f7xx.o
    0x08006ddc   0x08006ddc   0x0000000c   Code   RO         1877    i.TIM6_DAC_IRQHandler  stm32f7xx_it.o
    0x08006de8   0x08006de8   0x000000cc   Code   RO         7877    i.TIM_Base_SetConfig  stm32f7xx_hal_tim.o
    0x08006eb4   0x08006eb4   0x00000012   Code   RO         7888    i.TIM_ETR_SetConfig  stm32f7xx_hal_tim.o
    0x08006ec6   0x08006ec6   0x00000010   Code   RO         7889    i.TIM_ITRx_SetConfig  stm32f7xx_hal_tim.o
    0x08006ed6   0x08006ed6   0x00000002   PAD
    0x08006ed8   0x08006ed8   0x00000074   Code   RO         7890    i.TIM_OC1_SetConfig  stm32f7xx_hal_tim.o
    0x08006f4c   0x08006f4c   0x00000078   Code   RO         7891    i.TIM_OC2_SetConfig  stm32f7xx_hal_tim.o
    0x08006fc4   0x08006fc4   0x00000078   Code   RO         7892    i.TIM_OC3_SetConfig  stm32f7xx_hal_tim.o
    0x0800703c   0x0800703c   0x00000058   Code   RO         7893    i.TIM_OC4_SetConfig  stm32f7xx_hal_tim.o
    0x08007094   0x08007094   0x00000058   Code   RO         7894    i.TIM_OC5_SetConfig  stm32f7xx_hal_tim.o
    0x080070ec   0x080070ec   0x00000058   Code   RO         7895    i.TIM_OC6_SetConfig  stm32f7xx_hal_tim.o
    0x08007144   0x08007144   0x00000022   Code   RO         7897    i.TIM_TI1_ConfigInputStage  stm32f7xx_hal_tim.o
    0x08007166   0x08007166   0x00000024   Code   RO         7899    i.TIM_TI2_ConfigInputStage  stm32f7xx_hal_tim.o
    0x0800718a   0x0800718a   0x000000c8   Code   RO         8779    i.UART_AdvFeatureConfig  stm32f7xx_hal_uart.o
    0x08007252   0x08007252   0x0000003c   Code   RO         8780    i.UART_CheckIdleState  stm32f7xx_hal_uart.o
    0x0800728e   0x0800728e   0x00000002   PAD
    0x08007290   0x08007290   0x0000025c   Code   RO         8795    i.UART_SetConfig    stm32f7xx_hal_uart.o
    0x080074ec   0x080074ec   0x000000a4   Code   RO         8798    i.UART_WaitOnFlagUntilTimeout  stm32f7xx_hal_uart.o
    0x08007590   0x08007590   0x00000038   Code   RO        11315    i.USBH_AllocPipe    usbh_pipes.o
    0x080075c8   0x080075c8   0x00000020   Code   RO        11243    i.USBH_BulkReceiveData  usbh_ioreq.o
    0x080075e8   0x080075e8   0x00000028   Code   RO        11244    i.USBH_BulkSendData  usbh_ioreq.o
    0x08007610   0x08007610   0x00000024   Code   RO        11360    i.USBH_CDC_ClassRequest  usbh_cdc.o
    0x08007634   0x08007634   0x0000005e   Code   RO        11363    i.USBH_CDC_InterfaceDeInit  usbh_cdc.o
    0x08007692   0x08007692   0x00000144   Code   RO        11364    i.USBH_CDC_InterfaceInit  usbh_cdc.o
    0x080077d6   0x080077d6   0x00000002   Code   RO        11365    i.USBH_CDC_LineCodingChanged  usbh_cdc.o
    0x080077d8   0x080077d8   0x000000be   Code   RO        11366    i.USBH_CDC_Process  usbh_cdc.o
    0x08007896   0x08007896   0x00000002   Code   RO        11368    i.USBH_CDC_ReceiveCallback  usbh_cdc.o
    0x08007898   0x08007898   0x00000004   Code   RO        11369    i.USBH_CDC_SOFProcess  usbh_cdc.o
    0x0800789c   0x0800789c   0x00000002   Code   RO        11373    i.USBH_CDC_TransmitCallback  usbh_cdc.o
    0x0800789e   0x0800789e   0x0000000a   Code   RO        11316    i.USBH_ClosePipe    usbh_pipes.o
    0x080078a8   0x080078a8   0x00000022   Code   RO        11149    i.USBH_ClrFeature   usbh_ctlreq.o
    0x080078ca   0x080078ca   0x0000001e   Code   RO        11245    i.USBH_CtlReceiveData  usbh_ioreq.o
    0x080078e8   0x080078e8   0x0000005c   Code   RO        11150    i.USBH_CtlReq       usbh_ctlreq.o
    0x08007944   0x08007944   0x00000028   Code   RO        11246    i.USBH_CtlSendData  usbh_ioreq.o
    0x0800796c   0x0800796c   0x0000001e   Code   RO        11247    i.USBH_CtlSendSetup  usbh_ioreq.o
    0x0800798a   0x0800798a   0x00000004   Code   RO         1660    i.USBH_Delay        usbh_conf.o
    0x0800798e   0x0800798e   0x00000040   Code   RO        11003    i.USBH_FindInterface  usbh_core.o
    0x080079ce   0x080079ce   0x00000018   Code   RO        11317    i.USBH_FreePipe     usbh_pipes.o
    0x080079e6   0x080079e6   0x00000034   Code   RO        11151    i.USBH_GetDescriptor  usbh_ctlreq.o
    0x08007a1a   0x08007a1a   0x0000000e   Code   RO        11152    i.USBH_GetNextDesc  usbh_ctlreq.o
    0x08007a28   0x08007a28   0x0000002c   Code   RO        11153    i.USBH_Get_CfgDesc  usbh_ctlreq.o
    0x08007a54   0x08007a54   0x00000090   Code   RO        11154    i.USBH_Get_DevDesc  usbh_ctlreq.o
    0x08007ae4   0x08007ae4   0x00000048   Code   RO        11155    i.USBH_Get_StringDesc  usbh_ctlreq.o
    0x08007b2c   0x08007b2c   0x00000018   Code   RO         1661    i.USBH_Get_USB_Status  usbh_conf.o
    0x08007b44   0x08007b44   0x000001be   Code   RO        11156    i.USBH_HandleControl  usbh_ctlreq.o
    0x08007d02   0x08007d02   0x00000190   Code   RO        11006    i.USBH_HandleEnum   usbh_core.o
    0x08007e92   0x08007e92   0x00000002   PAD
    0x08007e94   0x08007e94   0x00000074   Code   RO        11007    i.USBH_Init         usbh_core.o
    0x08007f08   0x08007f08   0x00000012   Code   RO         1662    i.USBH_LL_ClosePipe  usbh_conf.o
    0x08007f1a   0x08007f1a   0x00000022   Code   RO        11009    i.USBH_LL_Connect   usbh_core.o
    0x08007f3c   0x08007f3c   0x0000003e   Code   RO        11010    i.USBH_LL_Disconnect  usbh_core.o
    0x08007f7a   0x08007f7a   0x0000001a   Code   RO         1664    i.USBH_LL_DriverVBUS  usbh_conf.o
    0x08007f94   0x08007f94   0x00000008   Code   RO         1665    i.USBH_LL_GetLastXferSize  usbh_conf.o
    0x08007f9c   0x08007f9c   0x00000022   Code   RO         1666    i.USBH_LL_GetSpeed  usbh_conf.o
    0x08007fbe   0x08007fbe   0x00000008   Code   RO         1668    i.USBH_LL_GetURBState  usbh_conf.o
    0x08007fc6   0x08007fc6   0x0000001e   Code   RO        11011    i.USBH_LL_IncTimer  usbh_core.o
    0x08007fe4   0x08007fe4   0x00000050   Code   RO         1669    i.USBH_LL_Init      usbh_conf.o
    0x08008034   0x08008034   0x00000016   Code   RO        11012    i.USBH_LL_NotifyURBChange  usbh_core.o
    0x0800804a   0x0800804a   0x0000001c   Code   RO         1670    i.USBH_LL_OpenPipe  usbh_conf.o
    0x08008066   0x08008066   0x00000008   Code   RO        11013    i.USBH_LL_PortDisabled  usbh_core.o
    0x0800806e   0x0800806e   0x00000014   Code   RO        11014    i.USBH_LL_PortEnabled  usbh_core.o
    0x08008082   0x08008082   0x00000012   Code   RO         1671    i.USBH_LL_ResetPort  usbh_conf.o
    0x08008094   0x08008094   0x00000006   Code   RO        11015    i.USBH_LL_SetTimer  usbh_core.o
    0x0800809a   0x0800809a   0x00000020   Code   RO         1672    i.USBH_LL_SetToggle  usbh_conf.o
    0x080080ba   0x080080ba   0x00000012   Code   RO         1673    i.USBH_LL_Start     usbh_conf.o
    0x080080cc   0x080080cc   0x00000012   Code   RO         1674    i.USBH_LL_Stop      usbh_conf.o
    0x080080de   0x080080de   0x00000022   Code   RO         1675    i.USBH_LL_SubmitURB  usbh_conf.o
    0x08008100   0x08008100   0x00000014   Code   RO        11318    i.USBH_OpenPipe     usbh_pipes.o
    0x08008114   0x08008114   0x000000de   Code   RO        11157    i.USBH_ParseCfgDesc  usbh_ctlreq.o
    0x080081f2   0x080081f2   0x00000002   PAD
    0x080081f4   0x080081f4   0x00000266   Code   RO        11016    i.USBH_Process      usbh_core.o
    0x0800845a   0x0800845a   0x00000022   Code   RO        11017    i.USBH_Process_OS   usbh_core.o
    0x0800847c   0x0800847c   0x0000001e   Code   RO        11019    i.USBH_RegisterClass  usbh_core.o
    0x0800849a   0x0800849a   0x00000016   Code   RO        11020    i.USBH_SelectInterface  usbh_core.o
    0x080084b0   0x080084b0   0x0000001c   Code   RO        11158    i.USBH_SetAddress   usbh_ctlreq.o
    0x080084cc   0x080084cc   0x0000001c   Code   RO        11159    i.USBH_SetCfg       usbh_ctlreq.o
    0x080084e8   0x080084e8   0x0000001c   Code   RO        11160    i.USBH_SetFeature   usbh_ctlreq.o
    0x08008504   0x08008504   0x00000014   Code   RO        11021    i.USBH_Start        usbh_core.o
    0x08008518   0x08008518   0x00000020   Code   RO         1594    i.USBH_UserProcess  usb_host.o
    0x08008538   0x08008538   0x0000006c   Code   RO         2412    i.USB_CoreInit      stm32f7xx_ll_usb.o
    0x080085a4   0x080085a4   0x00000038   Code   RO         2413    i.USB_CoreReset     stm32f7xx_ll_usb.o
    0x080085dc   0x080085dc   0x0000000c   Code   RO         2420    i.USB_DisableGlobalInt  stm32f7xx_ll_usb.o
    0x080085e8   0x080085e8   0x00000024   Code   RO         2421    i.USB_DoPing        stm32f7xx_ll_usb.o
    0x0800860c   0x0800860c   0x0000002c   Code   RO         2422    i.USB_DriveVbus     stm32f7xx_ll_usb.o
    0x08008638   0x08008638   0x0000000c   Code   RO         2428    i.USB_EnableGlobalInt  stm32f7xx_ll_usb.o
    0x08008644   0x08008644   0x00000020   Code   RO         2429    i.USB_FlushRxFifo   stm32f7xx_ll_usb.o
    0x08008664   0x08008664   0x00000024   Code   RO         2430    i.USB_FlushTxFifo   stm32f7xx_ll_usb.o
    0x08008688   0x08008688   0x00000008   Code   RO         2431    i.USB_GetCurrentFrame  stm32f7xx_ll_usb.o
    0x08008690   0x08008690   0x0000000e   Code   RO         2433    i.USB_GetHostSpeed  stm32f7xx_ll_usb.o
    0x0800869e   0x0800869e   0x00000008   Code   RO         2434    i.USB_GetMode       stm32f7xx_ll_usb.o
    0x080086a6   0x080086a6   0x000000c2   Code   RO         2435    i.USB_HC_Halt       stm32f7xx_ll_usb.o
    0x08008768   0x08008768   0x000000fc   Code   RO         2436    i.USB_HC_Init       stm32f7xx_ll_usb.o
    0x08008864   0x08008864   0x00000008   Code   RO         2437    i.USB_HC_ReadInterrupt  stm32f7xx_ll_usb.o
    0x0800886c   0x0800886c   0x00000150   Code   RO         2438    i.USB_HC_StartXfer  stm32f7xx_ll_usb.o
    0x080089bc   0x080089bc   0x000000c4   Code   RO         2439    i.USB_HostInit      stm32f7xx_ll_usb.o
    0x08008a80   0x08008a80   0x00000038   Code   RO         2440    i.USB_InitFSLSPClkSel  stm32f7xx_ll_usb.o
    0x08008ab8   0x08008ab8   0x00000008   Code   RO         2445    i.USB_ReadInterrupts  stm32f7xx_ll_usb.o
    0x08008ac0   0x08008ac0   0x0000001c   Code   RO         2446    i.USB_ReadPacket    stm32f7xx_ll_usb.o
    0x08008adc   0x08008adc   0x00000032   Code   RO         2447    i.USB_ResetPort     stm32f7xx_ll_usb.o
    0x08008b0e   0x08008b0e   0x0000002e   Code   RO         2448    i.USB_SetCurrentMode  stm32f7xx_ll_usb.o
    0x08008b3c   0x08008b3c   0x0000007e   Code   RO         2453    i.USB_StopHost      stm32f7xx_ll_usb.o
    0x08008bba   0x08008bba   0x00000024   Code   RO         2454    i.USB_WritePacket   stm32f7xx_ll_usb.o
    0x08008bde   0x08008bde   0x00000002   Code   RO         1878    i.UsageFault_Handler  stm32f7xx_it.o
    0x08008be0   0x08008be0   0x00000022   Code   RO         3498    i.__NVIC_SetPriority  stm32f7xx_hal_cortex.o
    0x08008c02   0x08008c02   0x0000000e   Code   RO        11538    i.__scatterload_copy  mc_w.l(handlers.o)
    0x08008c10   0x08008c10   0x00000002   Code   RO        11539    i.__scatterload_null  mc_w.l(handlers.o)
    0x08008c12   0x08008c12   0x0000000e   Code   RO        11540    i.__scatterload_zeroinit  mc_w.l(handlers.o)
    0x08008c20   0x08008c20   0x00000050   Code   RO        11486    i.free              mc_w.l(malloc.o)
    0x08008c70   0x08008c70   0x0000000c   Code   RO        10491    i.inHandlerMode     cmsis_os.o
    0x08008c7c   0x08008c7c   0x0000015c   Code   RO         1062    i.main              main.o
    0x08008dd8   0x08008dd8   0x0000000e   Code   RO        10493    i.makeFreeRtosPriority  cmsis_os.o
    0x08008de6   0x08008de6   0x00000002   PAD
    0x08008de8   0x08008de8   0x0000006c   Code   RO        11487    i.malloc            mc_w.l(malloc.o)
    0x08008e54   0x08008e54   0x0000000e   Code   RO        10495    i.osDelay           cmsis_os.o
    0x08008e62   0x08008e62   0x00000012   Code   RO        10497    i.osKernelRunning   cmsis_os.o
    0x08008e74   0x08008e74   0x0000000a   Code   RO        10498    i.osKernelStart     cmsis_os.o
    0x08008e7e   0x08008e7e   0x00000018   Code   RO        10499    i.osKernelSysTick   cmsis_os.o
    0x08008e96   0x08008e96   0x00000026   Code   RO        10507    i.osMessageCreate   cmsis_os.o
    0x08008ebc   0x08008ebc   0x00000094   Code   RO        10509    i.osMessageGet      cmsis_os.o
    0x08008f50   0x08008f50   0x0000005c   Code   RO        10511    i.osMessagePut      cmsis_os.o
    0x08008fac   0x08008fac   0x00000054   Code   RO        10532    i.osThreadCreate    cmsis_os.o
    0x08009000   0x08009000   0x00000070   Code   RO        10163    i.prvAddCurrentTaskToDelayedList  tasks.o
    0x08009070   0x08009070   0x000000d0   Code   RO        10164    i.prvAddNewTaskToReadyList  tasks.o
    0x08009140   0x08009140   0x00000026   Code   RO         9815    i.prvCopyDataFromQueue  queue.o
    0x08009166   0x08009166   0x0000006c   Code   RO         9816    i.prvCopyDataToQueue  queue.o
    0x080091d2   0x080091d2   0x00000038   Code   RO        10165    i.prvDeleteTCB      tasks.o
    0x0800920a   0x0800920a   0x00000002   PAD
    0x0800920c   0x0800920c   0x00000050   Code   RO        10860    i.prvHeapInit       heap_4.o
    0x0800925c   0x0800925c   0x00000064   Code   RO        10166    i.prvIdleTask       tasks.o
    0x080092c0   0x080092c0   0x00000016   Code   RO         9818    i.prvInitialiseNewQueue  queue.o
    0x080092d6   0x080092d6   0x000000b6   Code   RO        10167    i.prvInitialiseNewTask  tasks.o
    0x0800938c   0x0800938c   0x0000004c   Code   RO        10861    i.prvInsertBlockIntoFreeList  heap_4.o
    0x080093d8   0x080093d8   0x0000001c   Code   RO         9819    i.prvIsQueueEmpty   queue.o
    0x080093f4   0x080093f4   0x00000020   Code   RO        10168    i.prvResetNextTaskUnblockTime  tasks.o
    0x08009414   0x08009414   0x00000030   Code   RO        10923    i.prvTaskExitError  port.o
    0x08009444   0x08009444   0x0000006a   Code   RO         9820    i.prvUnlockQueue    queue.o
    0x080094ae   0x080094ae   0x00000002   PAD
    0x080094b0   0x080094b0   0x000000ec   Code   RO        10862    i.pvPortMalloc      heap_4.o
    0x0800959c   0x0800959c   0x00000030   Code   RO        10924    i.pxPortInitialiseStack  port.o
    0x080095cc   0x080095cc   0x00000026   Code   RO         9775    i.uxListRemove      list.o
    0x080095f2   0x080095f2   0x00000002   PAD
    0x080095f4   0x080095f4   0x00000018   Code   RO         1541    i.vApplicationGetIdleTaskMemory  freertos.o
    0x0800960c   0x0800960c   0x00000002   Code   RO         1542    i.vApplicationIdleHook  freertos.o
    0x0800960e   0x0800960e   0x00000002   Code   RO         1543    i.vApplicationMallocFailedHook  freertos.o
    0x08009610   0x08009610   0x00000002   Code   RO         1544    i.vApplicationStackOverflowHook  freertos.o
    0x08009612   0x08009612   0x00000016   Code   RO         9776    i.vListInitialise   list.o
    0x08009628   0x08009628   0x00000006   Code   RO         9777    i.vListInitialiseItem  list.o
    0x0800962e   0x0800962e   0x00000030   Code   RO         9778    i.vListInsert       list.o
    0x0800965e   0x0800965e   0x00000018   Code   RO         9779    i.vListInsertEnd    list.o
    0x08009676   0x08009676   0x00000002   PAD
    0x08009678   0x08009678   0x00000048   Code   RO        10926    i.vPortEnterCritical  port.o
    0x080096c0   0x080096c0   0x0000002c   Code   RO        10927    i.vPortExitCritical  port.o
    0x080096ec   0x080096ec   0x00000064   Code   RO        10863    i.vPortFree         heap_4.o
    0x08009750   0x08009750   0x00000024   Code   RO        10928    i.vPortSetupTimerInterrupt  port.o
    0x08009774   0x08009774   0x0000005c   Code   RO        10929    i.vPortValidateInterruptPriority  port.o
    0x080097d0   0x080097d0   0x00000050   Code   RO        10176    i.vTaskDelay        tasks.o
    0x08009820   0x08009820   0x00000010   Code   RO        10179    i.vTaskInternalSetTimeOutState  tasks.o
    0x08009830   0x08009830   0x0000000c   Code   RO        10180    i.vTaskMissedYield  tasks.o
    0x0800983c   0x0800983c   0x00000034   Code   RO        10182    i.vTaskPlaceOnEventList  tasks.o
    0x08009870   0x08009870   0x00000070   Code   RO        10190    i.vTaskStartScheduler  tasks.o
    0x080098e0   0x080098e0   0x00000010   Code   RO        10192    i.vTaskSuspendAll   tasks.o
    0x080098f0   0x080098f0   0x0000008c   Code   RO        10193    i.vTaskSwitchContext  tasks.o
    0x0800997c   0x0800997c   0x000000c0   Code   RO        10930    i.xPortStartScheduler  port.o
    0x08009a3c   0x08009a3c   0x0000004c   Code   RO         9831    i.xQueueGenericCreate  queue.o
    0x08009a88   0x08009a88   0x00000076   Code   RO         9832    i.xQueueGenericCreateStatic  queue.o
    0x08009afe   0x08009afe   0x00000002   PAD
    0x08009b00   0x08009b00   0x00000098   Code   RO         9833    i.xQueueGenericReset  queue.o
    0x08009b98   0x08009b98   0x00000170   Code   RO         9834    i.xQueueGenericSend  queue.o
    0x08009d08   0x08009d08   0x000000cc   Code   RO         9835    i.xQueueGenericSendFromISR  queue.o
    0x08009dd4   0x08009dd4   0x00000148   Code   RO         9842    i.xQueueReceive     queue.o
    0x08009f1c   0x08009f1c   0x000000a8   Code   RO         9843    i.xQueueReceiveFromISR  queue.o
    0x08009fc4   0x08009fc4   0x00000080   Code   RO        10195    i.xTaskCheckForTimeOut  tasks.o
    0x0800a044   0x0800a044   0x0000005a   Code   RO        10196    i.xTaskCreate       tasks.o
    0x0800a09e   0x0800a09e   0x0000005e   Code   RO        10197    i.xTaskCreateStatic  tasks.o
    0x0800a0fc   0x0800a0fc   0x0000001c   Code   RO        10203    i.xTaskGetSchedulerState  tasks.o
    0x0800a118   0x0800a118   0x0000000c   Code   RO        10204    i.xTaskGetTickCount  tasks.o
    0x0800a124   0x0800a124   0x00000010   Code   RO        10205    i.xTaskGetTickCountFromISR  tasks.o
    0x0800a134   0x0800a134   0x000000cc   Code   RO        10206    i.xTaskIncrementTick  tasks.o
    0x0800a200   0x0800a200   0x000000a8   Code   RO        10209    i.xTaskPriorityDisinherit  tasks.o
    0x0800a2a8   0x0800a2a8   0x00000078   Code   RO        10211    i.xTaskRemoveFromEventList  tasks.o
    0x0800a320   0x0800a320   0x000000c8   Code   RO        10212    i.xTaskResumeAll    tasks.o
    0x0800a3e8   0x0800a3e8   0x00001ab8   Data   RO          455    .constdata          stm32746g_discovery_lcd.o
    0x0800bea0   0x0800bea0   0x0000001c   Data   RO         1065    .constdata          main.o
    0x0800bebc   0x0800bebc   0x00000014   Data   RO         1397    .constdata          sd_diskio.o
    0x0800bed0   0x0800bed0   0x00000010   Data   RO         1398    .constdata          sd_diskio.o
    0x0800bee0   0x0800bee0   0x00000008   Data   RO         3132    .constdata          stm32f7xx_hal_dma.o
    0x0800bee8   0x0800bee8   0x00000010   Data   RO         9143    .constdata          system_stm32f7xx.o
    0x0800bef8   0x0800bef8   0x00000008   Data   RO         9144    .constdata          system_stm32f7xx.o
    0x0800bf00   0x0800bf00   0x0000002c   Data   RO        11023    .constdata          usbh_core.o
    0x0800bf2c   0x0800bf2c   0x0000000c   Data   RO         1066    .conststring        main.o
    0x0800bf38   0x0800bf38   0x0000000c   Data   RO        11024    .conststring        usbh_core.o
    0x0800bf44   0x0800bf44   0x00000004   Data   RO        11374    .conststring        usbh_cdc.o
    0x0800bf48   0x0800bf48   0x00000020   Data   RO        11536    Region$$Table       anon$$obj.o


    Execution Region RW_IRAM1 (Exec base: 0x20000000, Load base: 0x0800bf68, Size: 0x0000f548, Max: 0x00050000, ABSOLUTE)

    Exec Addr    Load Addr    Size         Type   Attr      Idx    E Section Name        Object

    0x20000000   0x0800bf68   0x0000000c   Data   RW          460    .data               stm32746g_discovery_lcd.o
    0x2000000c   0x0800bf74   0x00000002   Data   RW          795    .data               stm32746g_discovery_sdram.o
    0x2000000e   0x0800bf76   0x00000002   PAD
    0x20000010   0x0800bf78   0x00000004   Data   RW         1067    .data               main.o
    0x20000014   0x0800bf7c   0x00000008   Data   RW         1399    .data               sd_diskio.o
    0x2000001c   0x0800bf84   0x00000005   Data   RW         1483    .data               fatfs.o
    0x20000021   0x0800bf89   0x00000001   Data   RW         1596    .data               usb_host.o
    0x20000022   0x0800bf8a   0x00000002   PAD
    0x20000024   0x0800bf8c   0x0000000c   Data   RW         1988    .data               stm32f7xx_hal_msp.o
    0x20000030   0x0800bf98   0x00000004   Data   RW         2455    .data               stm32f7xx_ll_usb.o
    0x20000034   0x0800bf9c   0x0000000c   Data   RW         3644    .data               stm32f7xx_hal.o
    0x20000040   0x0800bfa8   0x00000004   Data   RW         9145    .data               system_stm32f7xx.o
    0x20000044   0x0800bfac   0x0000003c   Data   RW        10215    .data               tasks.o
    0x20000080   0x0800bfe8   0x00000018   Data   RW        10868    .data               heap_4.o
    0x20000098   0x0800c000   0x0000000c   Data   RW        10931    .data               port.o
    0x200000a4   0x0800c00c   0x00000020   Data   RW        11375    .data               usbh_cdc.o
    0x200000c4   0x0800c02c   0x00000004   Data   RW        11532    .data               mc_w.l(mvars.o)
    0x200000c8   0x0800c030   0x00000004   Data   RW        11533    .data               mc_w.l(mvars.o)
    0x200000cc        -       0x00000184   Zero   RW          454    .bss                stm32746g_discovery_lcd.o
    0x20000250        -       0x00000120   Zero   RW          794    .bss                stm32746g_discovery_sdram.o
    0x20000370        -       0x00000798   Zero   RW         1063    .bss                main.o
    0x20000b08        -       0x00000258   Zero   RW         1545    .bss                freertos.o
    0x20000d60        -       0x000003e4   Zero   RW         1595    .bss                usb_host.o
    0x20001144        -       0x000002c4   Zero   RW         1676    .bss                usbh_conf.o
    0x20001408        -       0x00000040   Zero   RW         2195    .bss                stm32f7xx_hal_timebase_tim.o
    0x20001448        -       0x0000000c   Zero   RW         9580    .bss                ff_gen_drv.o
    0x20001454        -       0x000000f0   Zero   RW        10214    .bss                tasks.o
    0x20001544        -       0x00008000   Zero   RW        10867    .bss                heap_4.o
    0x20009544   0x0800c034   0x00000004   PAD
    0x20009548        -       0x00002000   Zero   RW            2    HEAP                startup_stm32f746xx.o
    0x2000b548        -       0x00004000   Zero   RW            1    STACK               startup_stm32f746xx.o


==============================================================================

Image component sizes


      Code (inc. data)   RO Data    RW Data    ZI Data      Debug   Object Name

       174         22          0          0          0       4321   bsp_driver_sd.o
       454          8          0          0          0      32373   cmsis_os.o
         0          0          0          0          0      18660   event_groups.o
        28         10          0          5          0        990   fatfs.o
        24          4          0          0          0        541   fatfs_platform.o
        70          6          0          0         12       1651   ff_gen_drv.o
        30          6          0          0        600       2646   freertos.o
       492         22          0         24      32768       7347   heap_4.o
       138          0          0          0          0       3494   list.o
      3006        284         40          4       1944      49736   main.o
       774         80          0         12          0      11833   port.o
      1716         16          0          0          0      18165   queue.o
       468         36         36          8          0      12758   sd_diskio.o
        36          8        456          0      24576        828   startup_stm32f746xx.o
         0          0          0          0          0    1013520   stm32746g_discovery.o
       980        136       6840         12        388      13148   stm32746g_discovery_lcd.o
       620         56          0          2        288       3908   stm32746g_discovery_sdram.o
        86         14          0         12          0       8278   stm32f7xx_hal.o
       820         30          0          0          0       2823   stm32f7xx_hal_adc.o
       160         12          0          0          0      38146   stm32f7xx_hal_cortex.o
       120          6          0          0          0       1143   stm32f7xx_hal_crc.o
        78          0          0          0          0       1255   stm32f7xx_hal_crc_ex.o
       156          4          0          0          0       1196   stm32f7xx_hal_dcmi.o
       616         12          8          0          0       5882   stm32f7xx_hal_dma.o
      1006          4          0          0          0       7176   stm32f7xx_hal_dma2d.o
       492         52          0          0          0       3187   stm32f7xx_hal_gpio.o
      2324          6          0          0          0      13681   stm32f7xx_hal_hcd.o
       184          4          0          0          0       2807   stm32f7xx_hal_i2c.o
       172          0          0          0          0       1935   stm32f7xx_hal_i2c_ex.o
      1074          6          0          0          0       6994   stm32f7xx_hal_ltdc.o
      2620        346          0         12          0      14132   stm32f7xx_hal_msp.o
        16          4          0          0          0        535   stm32f7xx_hal_pwr.o
       108          8          0          0          0       1248   stm32f7xx_hal_pwr_ex.o
       248         10          0          0          0       2678   stm32f7xx_hal_qspi.o
      1432         76          0          0          0       5813   stm32f7xx_hal_rcc.o
      1564         36          0          0          0       3289   stm32f7xx_hal_rcc_ex.o
      1096         14          0          0          0       6615   stm32f7xx_hal_rtc.o
        90          0          0          0          0       1253   stm32f7xx_hal_rtc_ex.o
       552         22          0          0          0       2511   stm32f7xx_hal_sai.o
      2334         44          0          0          0      13663   stm32f7xx_hal_sd.o
       148          0          0          0          0       2684   stm32f7xx_hal_sdram.o
       116          4          0          0          0       1283   stm32f7xx_hal_spdifrx.o
       196          0          0          0          0       1247   stm32f7xx_hal_spi.o
      1990        134          0          0          0      16020   stm32f7xx_hal_tim.o
       330         40          0          0          0       3944   stm32f7xx_hal_tim_ex.o
       116         16          0          0         64       1375   stm32f7xx_hal_timebase_tim.o
      1130         70          0          0          0       5029   stm32f7xx_hal_uart.o
        60         24          0          0          0       4476   stm32f7xx_it.o
       278          6          0          0          0       3332   stm32f7xx_ll_fmc.o
      1642         46          0          0          0      22278   stm32f7xx_ll_sdmmc.o
      1702         52          0          4          0      17921   stm32f7xx_ll_usb.o
         0          0          0          0          0        392   stream_buffer.o
        28          6         24          4          0       1111   system_stm32f7xx.o
      2178        158          0         60        240      26437   tasks.o
        96         16          0          1        996       9484   usb_host.o
       950          6          4         32          0      12700   usbh_cdc.o
       530         14          0          0        708      35029   usbh_conf.o
      1562         24         56          0          0      12571   usbh_core.o
      1204         12          0          0          0      10598   usbh_ctlreq.o
       172          0          0          0          0       4308   usbh_ioreq.o
       110          0          0          0          0       3306   usbh_pipes.o
        20          4          0          0          0        514   usbh_platform.o

    ----------------------------------------------------------------------
     40998       2036       7496        196      62588    1538198   Object Totals
         0          0         32          0          0          0   (incl. Generated)
        82          0          0          4          4          0   (incl. Padding)

    ----------------------------------------------------------------------

      Code (inc. data)   RO Data    RW Data    ZI Data      Debug   Library Member Name

         0          0          0          0          0          0   entry.o
         0          0          0          0          0          0   entry10a.o
         0          0          0          0          0          0   entry11a.o
         8          4          0          0          0          0   entry2.o
         4          0          0          0          0          0   entry5.o
         0          0          0          0          0          0   entry7b.o
         0          0          0          0          0          0   entry8b.o
         8          4          0          0          0          0   entry9a.o
        30          0          0          0          0          0   handlers.o
        36          8          0          0          0         68   init.o
        30          0          0          0          0         68   llshl.o
        32          0          0          0          0         68   llushr.o
       188         20          0          0          0        160   malloc.o
        36          0          0          0          0         68   memcpya.o
        36          0          0          0          0        108   memseta.o
         0          0          0          8          0          0   mvars.o
        98          0          0          0          0         92   uldiv.o

    ----------------------------------------------------------------------
       506         36          0          8          0        632   Library Totals
         0          0          0          0          0          0   (incl. Padding)

    ----------------------------------------------------------------------

      Code (inc. data)   RO Data    RW Data    ZI Data      Debug   Library Name

       506         36          0          8          0        632   mc_w.l

    ----------------------------------------------------------------------
       506         36          0          8          0        632   Library Totals

    ----------------------------------------------------------------------

==============================================================================


      Code (inc. data)   RO Data    RW Data    ZI Data      Debug   

     41504       2072       7496        204      62588    1498074   Grand Totals
     41504       2072       7496        204      62588    1498074   ELF Image Totals
     41504       2072       7496        204          0          0   ROM Totals

==============================================================================

    Total RO  Size (Code + RO Data)                49000 (  47.85kB)
    Total RW  Size (RW Data + ZI Data)             62792 (  61.32kB)
    Total ROM Size (Code + RO Data + RW Data)      49204 (  48.05kB)

==============================================================================

